==354670== Memcheck, a memory error detector
==354670== Copyright (C) 2002-2017, and GNU GPL'd, by Julian Seward et al.
==354670== Using Valgrind-3.15.0 and LibVEX; rerun with -h for copyright info
==354670== Command: ../dukesh -b scripts/pipe.txt
==354670== 
$ ./bin/ls -a data | ./bin/head -n 1
$ ./bin/ls -a data | ./bin/head -n 2000
$ quit

==354670== 
==354670== HEAP SUMMARY:
==354670==     in use at exit: 472 bytes in 1 blocks
==354670==   total heap usage: 6 allocs, 5 frees, 19,260 bytes allocated
==354670== 
==354670== LEAK SUMMARY:
==354670==    definitely lost: 0 bytes in 0 blocks
==354670==    indirectly lost: 0 bytes in 0 blocks
==354670==      possibly lost: 0 bytes in 0 blocks
==354670==    still reachable: 472 bytes in 1 blocks
==354670==         suppressed: 0 bytes in 0 blocks
==354670== Rerun with --leak-check=full to see details of leaked memory
==354670== 
==354670== For lists of detected and suppressed errors, rerun with: -s
==354670== ERROR SUMMARY: 0 errors from 0 contexts (suppressed: 0 from 0)
$ ./bin/ls -a data | ./bin/head -n 1
 
$ ./bin/ls -a data | ./bin/head -n 2000
$ quit

$ ./bin/ls -a data | ./bin/head -n 1
 
$ ./bin/ls -a data | ./bin/head -n 2000
 
$ quit

==354729== 
==354729== HEAP SUMMARY:
==354729==     in use at exit: 508 bytes in 3 blocks
==354729==   total heap usage: 8 allocs, 5 frees, 19,296 bytes allocated
==354729== 
==354729== LEAK SUMMARY:
==354729==    definitely lost: 36 bytes in 2 blocks
==354729==    indirectly lost: 0 bytes in 0 blocks
==354729==      possibly lost: 0 bytes in 0 blocks
==354729==    still reachable: 472 bytes in 1 blocks
==354729==         suppressed: 0 bytes in 0 blocks
==354729== Rerun with --leak-check=full to see details of leaked memory
==354729== 
==354729== For lists of detected and suppressed errors, rerun with: -s
==354729== ERROR SUMMARY: 0 errors from 0 contexts (suppressed: 0 from 0)
==354696== 
==354696== HEAP SUMMARY:
==354696==     in use at exit: 490 bytes in 2 blocks
==354696==   total heap usage: 7 allocs, 5 frees, 19,278 bytes allocated
==354696== 
==354696== LEAK SUMMARY:
==354696==    definitely lost: 18 bytes in 1 blocks
==354696==    indirectly lost: 0 bytes in 0 blocks
==354696==      possibly lost: 0 bytes in 0 blocks
==354696==    still reachable: 472 bytes in 1 blocks
==354696==         suppressed: 0 bytes in 0 blocks
==354696== Rerun with --leak-check=full to see details of leaked memory
==354696== 
==354696== For lists of detected and suppressed errors, rerun with: -s
==354696== ERROR SUMMARY: 0 errors from 0 contexts (suppressed: 0 from 0)
