==355647== Memcheck, a memory error detector
==355647== Copyright (C) 2002-2017, and GNU GPL'd, by Julian Seward et al.
==355647== Using Valgrind-3.15.0 and LibVEX; rerun with -h for copyright info
==355647== Command: ../dukesh -b scripts/pipe.txt
==355647== 
$ ./bin/ls -a data | ./bin/head -n 1
$ ./bin/ls -a data | ./bin/head -n 2000
$ quit

==355647== 
==355647== HEAP SUMMARY:
==355647==     in use at exit: 472 bytes in 1 blocks
==355647==   total heap usage: 6 allocs, 5 frees, 19,260 bytes allocated
==355647== 
==355647== LEAK SUMMARY:
==355647==    definitely lost: 0 bytes in 0 blocks
==355647==    indirectly lost: 0 bytes in 0 blocks
==355647==      possibly lost: 0 bytes in 0 blocks
==355647==    still reachable: 472 bytes in 1 blocks
==355647==         suppressed: 0 bytes in 0 blocks
==355647== Rerun with --leak-check=full to see details of leaked memory
==355647== 
==355647== For lists of detected and suppressed errors, rerun with: -s
==355647== ERROR SUMMARY: 0 errors from 0 contexts (suppressed: 0 from 0)
$ ./bin/ls -a data | ./bin/head -n 1
[ ]
$ ./bin/ls -a data | ./bin/head -n 2000
$ quit

==355648== 
==355648== HEAP SUMMARY:
==355648==     in use at exit: 490 bytes in 2 blocks
==355648==   total heap usage: 7 allocs, 5 frees, 19,278 bytes allocated
==355648== 
==355648== LEAK SUMMARY:
==355648==    definitely lost: 18 bytes in 1 blocks
==355648==    indirectly lost: 0 bytes in 0 blocks
==355648==      possibly lost: 0 bytes in 0 blocks
==355648==    still reachable: 472 bytes in 1 blocks
==355648==         suppressed: 0 bytes in 0 blocks
==355648== Rerun with --leak-check=full to see details of leaked memory
==355648== 
==355648== For lists of detected and suppressed errors, rerun with: -s
==355648== ERROR SUMMARY: 0 errors from 0 contexts (suppressed: 0 from 0)
$ ./bin/ls -a data | ./bin/head -n 1
[ ]
$ ./bin/ls -a data | ./bin/head -n 2000
[ ]
$ quit

==355654== 
==355654== HEAP SUMMARY:
==355654==     in use at exit: 508 bytes in 3 blocks
==355654==   total heap usage: 8 allocs, 5 frees, 19,296 bytes allocated
==355654== 
==355654== LEAK SUMMARY:
==355654==    definitely lost: 36 bytes in 2 blocks
==355654==    indirectly lost: 0 bytes in 0 blocks
==355654==      possibly lost: 0 bytes in 0 blocks
==355654==    still reachable: 472 bytes in 1 blocks
==355654==         suppressed: 0 bytes in 0 blocks
==355654== Rerun with --leak-check=full to see details of leaked memory
==355654== 
==355654== For lists of detected and suppressed errors, rerun with: -s
==355654== ERROR SUMMARY: 0 errors from 0 contexts (suppressed: 0 from 0)
