==2217472== Memcheck, a memory error detector
==2217472== Copyright (C) 2002-2017, and GNU GPL'd, by Julian Seward et al.
==2217472== Using Valgrind-3.15.0 and LibVEX; rerun with -h for copyright info
==2217472== Command: ../dukesh -b scripts/bins_flags.txt
==2217472== 
$ ./bin/ls -a data
.
..
pwd.txt
.hidden.txt
empty.txt
$ ./bin/ls -s data
9 pwd.txt
0 empty.txt
$ ./bin/ls -sa data
4096 .
4096 ..
9 pwd.txt
5 .hidden.txt
0 empty.txt
$ ./bin/head -n 1 Makefile
#
$ quit

==2217472== 
==2217472== HEAP SUMMARY:
==2217472==     in use at exit: 472 bytes in 1 blocks
==2217472==   total heap usage: 6 allocs, 5 frees, 19,260 bytes allocated
==2217472== 
==2217472== LEAK SUMMARY:
==2217472==    definitely lost: 0 bytes in 0 blocks
==2217472==    indirectly lost: 0 bytes in 0 blocks
==2217472==      possibly lost: 0 bytes in 0 blocks
==2217472==    still reachable: 472 bytes in 1 blocks
==2217472==         suppressed: 0 bytes in 0 blocks
==2217472== Rerun with --leak-check=full to see details of leaked memory
==2217472== 
==2217472== For lists of detected and suppressed errors, rerun with: -s
==2217472== ERROR SUMMARY: 0 errors from 0 contexts (suppressed: 0 from 0)
