==2453092== Memcheck, a memory error detector
==2453092== Copyright (C) 2002-2017, and GNU GPL'd, by Julian Seward et al.
==2453092== Using Valgrind-3.15.0 and LibVEX; rerun with -h for copyright info
==2453092== Command: ../dukesh -b scripts/bins_flags.txt
==2453092== 
$ ./bin/ls -a data
.
..
pwd.txt
.hidden.txt
empty.txt
$ ./bin/ls -s data
9 pwd.txt
0 empty.txt
$ ./bin/ls -sa data
4096 .
4096 ..
9 pwd.txt
5 .hidden.txt
0 empty.txt
$ ./bin/head -n 1 Makefile
#
$ quit

==2453092== 
==2453092== HEAP SUMMARY:
==2453092==     in use at exit: 472 bytes in 1 blocks
==2453092==   total heap usage: 6 allocs, 5 frees, 19,260 bytes allocated
==2453092== 
==2453092== LEAK SUMMARY:
==2453092==    definitely lost: 0 bytes in 0 blocks
==2453092==    indirectly lost: 0 bytes in 0 blocks
==2453092==      possibly lost: 0 bytes in 0 blocks
==2453092==    still reachable: 472 bytes in 1 blocks
==2453092==         suppressed: 0 bytes in 0 blocks
==2453092== Rerun with --leak-check=full to see details of leaked memory
==2453092== 
==2453092== For lists of detected and suppressed errors, rerun with: -s
==2453092== ERROR SUMMARY: 0 errors from 0 contexts (suppressed: 0 from 0)
