==296228== Memcheck, a memory error detector
==296228== Copyright (C) 2002-2017, and GNU GPL'd, by Julian Seward et al.
==296228== Using Valgrind-3.15.0 and LibVEX; rerun with -h for copyright info
==296228== Command: ../dukesh -b scripts/bins_flags.txt
==296228== 
$ ./bin/ls -a data
.
..
pwd.txt
.hidden.txt
empty.txt
$ ./bin/ls -s data
9 pwd.txt
0 empty.txt
$ ./bin/ls -sa data
4096 .
4096 ..
9 pwd.txt
5 .hidden.txt
0 empty.txt
$ ./bin/head -n 1 Makefile
#
$ quit

==296228== 
==296228== HEAP SUMMARY:
==296228==     in use at exit: 472 bytes in 1 blocks
==296228==   total heap usage: 6 allocs, 5 frees, 19,260 bytes allocated
==296228== 
==296228== LEAK SUMMARY:
==296228==    definitely lost: 0 bytes in 0 blocks
==296228==    indirectly lost: 0 bytes in 0 blocks
==296228==      possibly lost: 0 bytes in 0 blocks
==296228==    still reachable: 472 bytes in 1 blocks
==296228==         suppressed: 0 bytes in 0 blocks
==296228== Rerun with --leak-check=full to see details of leaked memory
==296228== 
==296228== For lists of detected and suppressed errors, rerun with: -s
==296228== ERROR SUMMARY: 0 errors from 0 contexts (suppressed: 0 from 0)
