==1053168== Memcheck, a memory error detector
==1053168== Copyright (C) 2002-2017, and GNU GPL'd, by Julian Seward et al.
==1053168== Using Valgrind-3.15.0 and LibVEX; rerun with -h for copyright info
==1053168== Command: ../dukesh -b scripts/bins_flags.txt
==1053168== 
$ ./bin/ls -a data
.
..
pwd.txt
.hidden.txt
empty.txt
$ ./bin/ls -s data
9 pwd.txt
0 empty.txt
$ ./bin/ls -sa data
4096 .
4096 ..
9 pwd.txt
5 .hidden.txt
0 empty.txt
$ ./bin/head -n 1 Makefile
$ quit

==1053168== 
==1053168== HEAP SUMMARY:
==1053168==     in use at exit: 8,472 bytes in 2 blocks
==1053168==   total heap usage: 7 allocs, 5 frees, 27,260 bytes allocated
==1053168== 
==1053168== LEAK SUMMARY:
==1053168==    definitely lost: 0 bytes in 0 blocks
==1053168==    indirectly lost: 0 bytes in 0 blocks
==1053168==      possibly lost: 0 bytes in 0 blocks
==1053168==    still reachable: 8,472 bytes in 2 blocks
==1053168==         suppressed: 0 bytes in 0 blocks
==1053168== Rerun with --leak-check=full to see details of leaked memory
==1053168== 
==1053168== For lists of detected and suppressed errors, rerun with: -s
==1053168== ERROR SUMMARY: 0 errors from 0 contexts (suppressed: 0 from 0)
