==727434== Memcheck, a memory error detector
==727434== Copyright (C) 2002-2017, and GNU GPL'd, by Julian Seward et al.
==727434== Using Valgrind-3.15.0 and LibVEX; rerun with -h for copyright info
==727434== Command: ../dukesh -b scripts/bins_flags.txt
==727434== 
$ ./bin/ls -a data
.
..
pwd.txt
.hidden.txt
empty.txt
$ ./bin/ls -s data
4096 pwd.txt
4096 empty.txt
$ ./bin/ls -sa data
4096 .
4096 ..
4096 pwd.txt
4096 .hidden.txt
4096 empty.txt
$ ./bin/head -n 1 Makefile
$ quit

==727434== 
==727434== HEAP SUMMARY:
==727434==     in use at exit: 8,472 bytes in 2 blocks
==727434==   total heap usage: 7 allocs, 5 frees, 27,260 bytes allocated
==727434== 
==727434== LEAK SUMMARY:
==727434==    definitely lost: 0 bytes in 0 blocks
==727434==    indirectly lost: 0 bytes in 0 blocks
==727434==      possibly lost: 0 bytes in 0 blocks
==727434==    still reachable: 8,472 bytes in 2 blocks
==727434==         suppressed: 0 bytes in 0 blocks
==727434== Rerun with --leak-check=full to see details of leaked memory
==727434== 
==727434== For lists of detected and suppressed errors, rerun with: -s
==727434== ERROR SUMMARY: 0 errors from 0 contexts (suppressed: 0 from 0)
