==2132663== Memcheck, a memory error detector
==2132663== Copyright (C) 2002-2017, and GNU GPL'd, by Julian Seward et al.
==2132663== Using Valgrind-3.15.0 and LibVEX; rerun with -h for copyright info
==2132663== Command: ../dukesh -b scripts/bins_flags.txt
==2132663== 
$ ./bin/ls -a data
.
..
pwd.txt
.hidden.txt
empty.txt
$ ./bin/ls -s data
9 pwd.txt
0 empty.txt
$ ./bin/ls -sa data
4096 .
4096 ..
9 pwd.txt
5 .hidden.txt
0 empty.txt
$ ./bin/head -n 1 Makefile
#
$ quit

==2132663== 
==2132663== HEAP SUMMARY:
==2132663==     in use at exit: 8,472 bytes in 2 blocks
==2132663==   total heap usage: 7 allocs, 5 frees, 27,260 bytes allocated
==2132663== 
==2132663== LEAK SUMMARY:
==2132663==    definitely lost: 0 bytes in 0 blocks
==2132663==    indirectly lost: 0 bytes in 0 blocks
==2132663==      possibly lost: 0 bytes in 0 blocks
==2132663==    still reachable: 8,472 bytes in 2 blocks
==2132663==         suppressed: 0 bytes in 0 blocks
==2132663== Rerun with --leak-check=full to see details of leaked memory
==2132663== 
==2132663== For lists of detected and suppressed errors, rerun with: -s
==2132663== ERROR SUMMARY: 0 errors from 0 contexts (suppressed: 0 from 0)
