==739451== Memcheck, a memory error detector
==739451== Copyright (C) 2002-2017, and GNU GPL'd, by Julian Seward et al.
==739451== Using Valgrind-3.15.0 and LibVEX; rerun with -h for copyright info
==739451== Command: ../dukesh -b scripts/bins_flags.txt
==739451== 
$ ./bin/ls -a data
.
..
pwd.txt
.hidden.txt
empty.txt
$ ./bin/ls -s data
4096 pwd.txt
4096 empty.txt
$ ./bin/ls -sa data
4096 .
4096 ..
4096 pwd.txt
4096 .hidden.txt
4096 empty.txt
$ ./bin/head -n 1 Makefile
$ quit

==739451== 
==739451== HEAP SUMMARY:
==739451==     in use at exit: 8,472 bytes in 2 blocks
==739451==   total heap usage: 7 allocs, 5 frees, 27,260 bytes allocated
==739451== 
==739451== LEAK SUMMARY:
==739451==    definitely lost: 0 bytes in 0 blocks
==739451==    indirectly lost: 0 bytes in 0 blocks
==739451==      possibly lost: 0 bytes in 0 blocks
==739451==    still reachable: 8,472 bytes in 2 blocks
==739451==         suppressed: 0 bytes in 0 blocks
==739451== Rerun with --leak-check=full to see details of leaked memory
==739451== 
==739451== For lists of detected and suppressed errors, rerun with: -s
==739451== ERROR SUMMARY: 0 errors from 0 contexts (suppressed: 0 from 0)
