==1043232== Memcheck, a memory error detector
==1043232== Copyright (C) 2002-2017, and GNU GPL'd, by Julian Seward et al.
==1043232== Using Valgrind-3.15.0 and LibVEX; rerun with -h for copyright info
==1043232== Command: ../dukesh -b scripts/pipe.txt
==1043232== 
$ ./bin/ls -a data | ./bin/head -n 1
$ ./bin/ls -a data | ./bin/head -n 2000
$ quit

==1043232== 
==1043232== HEAP SUMMARY:
==1043232==     in use at exit: 472 bytes in 1 blocks
==1043232==   total heap usage: 6 allocs, 5 frees, 19,260 bytes allocated
==1043232== 
==1043232== LEAK SUMMARY:
==1043232==    definitely lost: 0 bytes in 0 blocks
==1043232==    indirectly lost: 0 bytes in 0 blocks
==1043232==      possibly lost: 0 bytes in 0 blocks
==1043232==    still reachable: 472 bytes in 1 blocks
==1043232==         suppressed: 0 bytes in 0 blocks
==1043232== Rerun with --leak-check=full to see details of leaked memory
==1043232== 
==1043232== For lists of detected and suppressed errors, rerun with: -s
==1043232== ERROR SUMMARY: 0 errors from 0 contexts (suppressed: 0 from 0)
$ ./bin/ls -a data | ./bin/head -n 1
$ ./bin/ls -a data | ./bin/head -n 2000
command2: [./bin/head], arguments: [-n 2000]
command: [./bin/ls], arguments: [ -a data ]
waiting to read
read
.
..
pwd.txt
.hidden.txt
empty.txt
$ quit

==1043234== 
==1043234== HEAP SUMMARY:
==1043234==     in use at exit: 509 bytes in 3 blocks
==1043234==   total heap usage: 8 allocs, 5 frees, 19,297 bytes allocated
==1043234== 
==1043234== LEAK SUMMARY:
==1043234==    definitely lost: 37 bytes in 2 blocks
==1043234==    indirectly lost: 0 bytes in 0 blocks
==1043234==      possibly lost: 0 bytes in 0 blocks
==1043234==    still reachable: 472 bytes in 1 blocks
==1043234==         suppressed: 0 bytes in 0 blocks
==1043234== Rerun with --leak-check=full to see details of leaked memory
==1043234== 
==1043234== For lists of detected and suppressed errors, rerun with: -s
==1043234== ERROR SUMMARY: 0 errors from 0 contexts (suppressed: 0 from 0)
$ ./bin/ls -a data | ./bin/head -n 1
command2: [./bin/head], arguments: [-n 1]
command: [./bin/ls], arguments: [ -a data ]
waiting to read
read
.
..
pwd.txt
.hidden.txt
empty.txt
$ ./bin/ls -a data | ./bin/head -n 2000
$ quit

==1043233== 
==1043233== HEAP SUMMARY:
==1043233==     in use at exit: 506 bytes in 3 blocks
==1043233==   total heap usage: 8 allocs, 5 frees, 19,294 bytes allocated
==1043233== 
==1043233== LEAK SUMMARY:
==1043233==    definitely lost: 34 bytes in 2 blocks
==1043233==    indirectly lost: 0 bytes in 0 blocks
==1043233==      possibly lost: 0 bytes in 0 blocks
==1043233==    still reachable: 472 bytes in 1 blocks
==1043233==         suppressed: 0 bytes in 0 blocks
==1043233== Rerun with --leak-check=full to see details of leaked memory
==1043233== 
==1043233== For lists of detected and suppressed errors, rerun with: -s
==1043233== ERROR SUMMARY: 0 errors from 0 contexts (suppressed: 0 from 0)
$ ./bin/ls -a data | ./bin/head -n 1
command2: [./bin/head], arguments: [-n 1]
command: [./bin/ls], arguments: [ -a data ]
waiting to read
read
.
..
pwd.txt
.hidden.txt
empty.txt
$ ./bin/ls -a data | ./bin/head -n 2000
command2: [./bin/head], arguments: [-n 2000]
command: [./bin/ls], arguments: [ -a data ]
waiting to read
read
.
..
pwd.txt
.hidden.txt
empty.txt
$ quit

==1043242== 
==1043242== HEAP SUMMARY:
==1043242==     in use at exit: 543 bytes in 5 blocks
==1043242==   total heap usage: 10 allocs, 5 frees, 19,331 bytes allocated
==1043242== 
==1043242== LEAK SUMMARY:
==1043242==    definitely lost: 71 bytes in 4 blocks
==1043242==    indirectly lost: 0 bytes in 0 blocks
==1043242==      possibly lost: 0 bytes in 0 blocks
==1043242==    still reachable: 472 bytes in 1 blocks
==1043242==         suppressed: 0 bytes in 0 blocks
==1043242== Rerun with --leak-check=full to see details of leaked memory
==1043242== 
==1043242== For lists of detected and suppressed errors, rerun with: -s
==1043242== ERROR SUMMARY: 0 errors from 0 contexts (suppressed: 0 from 0)
