==3801682== Memcheck, a memory error detector
==3801682== Copyright (C) 2002-2017, and GNU GPL'd, by Julian Seward et al.
==3801682== Using Valgrind-3.15.0 and LibVEX; rerun with -h for copyright info
==3801682== Command: ../dukesh -b scripts/export.txt
==3801682== 
$ which export
/cs/home/stu/setzerrj/cs361/cs361-pa1/tests/export
$ echo N=${NUM}
N=${NUM}
$ export NUM=5
$ echo N=${NUM}
N=${NUM}
$ quit

==3801682== 
==3801682== HEAP SUMMARY:
==3801682==     in use at exit: 8,472 bytes in 2 blocks
==3801682==   total heap usage: 7 allocs, 5 frees, 27,260 bytes allocated
==3801682== 
==3801682== LEAK SUMMARY:
==3801682==    definitely lost: 0 bytes in 0 blocks
==3801682==    indirectly lost: 0 bytes in 0 blocks
==3801682==      possibly lost: 0 bytes in 0 blocks
==3801682==    still reachable: 8,472 bytes in 2 blocks
==3801682==         suppressed: 0 bytes in 0 blocks
==3801682== Rerun with --leak-check=full to see details of leaked memory
==3801682== 
==3801682== For lists of detected and suppressed errors, rerun with: -s
==3801682== ERROR SUMMARY: 0 errors from 0 contexts (suppressed: 0 from 0)
