==296191== Memcheck, a memory error detector
==296191== Copyright (C) 2002-2017, and GNU GPL'd, by Julian Seward et al.
==296191== Using Valgrind-3.15.0 and LibVEX; rerun with -h for copyright info
==296191== Command: ../dukesh -b scripts/export.txt
==296191== 
$ which export
export: dukesh built-in command
$ echo N=${NUM}
N=
$ export NUM=5
$ echo N=${NUM}
N=5
$ quit

==296191== 
==296191== HEAP SUMMARY:
==296191==     in use at exit: 472 bytes in 1 blocks
==296191==   total heap usage: 8 allocs, 7 frees, 19,266 bytes allocated
==296191== 
==296191== LEAK SUMMARY:
==296191==    definitely lost: 0 bytes in 0 blocks
==296191==    indirectly lost: 0 bytes in 0 blocks
==296191==      possibly lost: 0 bytes in 0 blocks
==296191==    still reachable: 472 bytes in 1 blocks
==296191==         suppressed: 0 bytes in 0 blocks
==296191== Rerun with --leak-check=full to see details of leaked memory
==296191== 
==296191== For lists of detected and suppressed errors, rerun with: -s
==296191== ERROR SUMMARY: 0 errors from 0 contexts (suppressed: 0 from 0)
