==339870== Memcheck, a memory error detector
==339870== Copyright (C) 2002-2017, and GNU GPL'd, by Julian Seward et al.
==339870== Using Valgrind-3.15.0 and LibVEX; rerun with -h for copyright info
==339870== Command: ../dukesh -b scripts/export.txt
==339870== 
$ which export
$ echo N=${NUM}
N=${NUM}
$ export NUM=5
$ echo N=${NUM}
N=${NUM}
$ quit

==339870== 
==339870== HEAP SUMMARY:
==339870==     in use at exit: 472 bytes in 1 blocks
==339870==   total heap usage: 6 allocs, 5 frees, 19,260 bytes allocated
==339870== 
==339870== LEAK SUMMARY:
==339870==    definitely lost: 0 bytes in 0 blocks
==339870==    indirectly lost: 0 bytes in 0 blocks
==339870==      possibly lost: 0 bytes in 0 blocks
==339870==    still reachable: 472 bytes in 1 blocks
==339870==         suppressed: 0 bytes in 0 blocks
==339870== Rerun with --leak-check=full to see details of leaked memory
==339870== 
==339870== For lists of detected and suppressed errors, rerun with: -s
==339870== ERROR SUMMARY: 0 errors from 0 contexts (suppressed: 0 from 0)
