==2132639== Memcheck, a memory error detector
==2132639== Copyright (C) 2002-2017, and GNU GPL'd, by Julian Seward et al.
==2132639== Using Valgrind-3.15.0 and LibVEX; rerun with -h for copyright info
==2132639== Command: ../dukesh -b scripts/export.txt
==2132639== 
$ which export
export: dukesh built-in command
$ echo N=${NUM}
N=
$ export NUM=5
$ echo N=${NUM}
N=5
$ quit

==2132639== 
==2132639== HEAP SUMMARY:
==2132639==     in use at exit: 8,472 bytes in 2 blocks
==2132639==   total heap usage: 9 allocs, 7 frees, 27,266 bytes allocated
==2132639== 
==2132639== LEAK SUMMARY:
==2132639==    definitely lost: 0 bytes in 0 blocks
==2132639==    indirectly lost: 0 bytes in 0 blocks
==2132639==      possibly lost: 0 bytes in 0 blocks
==2132639==    still reachable: 8,472 bytes in 2 blocks
==2132639==         suppressed: 0 bytes in 0 blocks
==2132639== Rerun with --leak-check=full to see details of leaked memory
==2132639== 
==2132639== For lists of detected and suppressed errors, rerun with: -s
==2132639== ERROR SUMMARY: 0 errors from 0 contexts (suppressed: 0 from 0)
