==301394== Memcheck, a memory error detector
==301394== Copyright (C) 2002-2017, and GNU GPL'd, by Julian Seward et al.
==301394== Using Valgrind-3.15.0 and LibVEX; rerun with -h for copyright info
==301394== Command: ../dukesh -b scripts/export.txt
==301394== 
$ which export
$ echo N=${NUM}
N=${NUM}
$ export NUM=5
$ echo N=${NUM}
N=${NUM}
$ quit

==301394== 
==301394== HEAP SUMMARY:
==301394==     in use at exit: 472 bytes in 1 blocks
==301394==   total heap usage: 6 allocs, 5 frees, 19,260 bytes allocated
==301394== 
==301394== LEAK SUMMARY:
==301394==    definitely lost: 0 bytes in 0 blocks
==301394==    indirectly lost: 0 bytes in 0 blocks
==301394==      possibly lost: 0 bytes in 0 blocks
==301394==    still reachable: 472 bytes in 1 blocks
==301394==         suppressed: 0 bytes in 0 blocks
==301394== Rerun with --leak-check=full to see details of leaked memory
==301394== 
==301394== For lists of detected and suppressed errors, rerun with: -s
==301394== ERROR SUMMARY: 0 errors from 0 contexts (suppressed: 0 from 0)
