==1053131== Memcheck, a memory error detector
==1053131== Copyright (C) 2002-2017, and GNU GPL'd, by Julian Seward et al.
==1053131== Using Valgrind-3.15.0 and LibVEX; rerun with -h for copyright info
==1053131== Command: ../dukesh -b scripts/export.txt
==1053131== 
$ which export
export: dukesh built-in command
$ echo N=${NUM}
N=
$ export NUM=5
$ echo N=${NUM}
N=5
$ quit

==1053131== 
==1053131== HEAP SUMMARY:
==1053131==     in use at exit: 8,472 bytes in 2 blocks
==1053131==   total heap usage: 9 allocs, 7 frees, 27,266 bytes allocated
==1053131== 
==1053131== LEAK SUMMARY:
==1053131==    definitely lost: 0 bytes in 0 blocks
==1053131==    indirectly lost: 0 bytes in 0 blocks
==1053131==      possibly lost: 0 bytes in 0 blocks
==1053131==    still reachable: 8,472 bytes in 2 blocks
==1053131==         suppressed: 0 bytes in 0 blocks
==1053131== Rerun with --leak-check=full to see details of leaked memory
==1053131== 
==1053131== For lists of detected and suppressed errors, rerun with: -s
==1053131== ERROR SUMMARY: 0 errors from 0 contexts (suppressed: 0 from 0)
