==1935112== Memcheck, a memory error detector
==1935112== Copyright (C) 2002-2017, and GNU GPL'd, by Julian Seward et al.
==1935112== Using Valgrind-3.15.0 and LibVEX; rerun with -h for copyright info
==1935112== Command: ../dukesh -b scripts/export.txt
==1935112== 
$ which export
export: dukesh built-in command
$ echo N=${NUM}
N=
$ export NUM=5
$ echo N=${NUM}
N=5
$ quit

==1935112== 
==1935112== HEAP SUMMARY:
==1935112==     in use at exit: 472 bytes in 1 blocks
==1935112==   total heap usage: 8 allocs, 7 frees, 19,266 bytes allocated
==1935112== 
==1935112== LEAK SUMMARY:
==1935112==    definitely lost: 0 bytes in 0 blocks
==1935112==    indirectly lost: 0 bytes in 0 blocks
==1935112==      possibly lost: 0 bytes in 0 blocks
==1935112==    still reachable: 472 bytes in 1 blocks
==1935112==         suppressed: 0 bytes in 0 blocks
==1935112== Rerun with --leak-check=full to see details of leaked memory
==1935112== 
==1935112== For lists of detected and suppressed errors, rerun with: -s
==1935112== ERROR SUMMARY: 0 errors from 0 contexts (suppressed: 0 from 0)
