==3869950== Memcheck, a memory error detector
==3869950== Copyright (C) 2002-2017, and GNU GPL'd, by Julian Seward et al.
==3869950== Using Valgrind-3.15.0 and LibVEX; rerun with -h for copyright info
==3869950== Command: ../dukesh -b scripts/export.txt
==3869950== 
$ which export
/cs/home/stu/setzerrj/cs361/cs361-pa1/tests/export
$ echo N=${NUM}
N=${NUM}
$ export NUM=5
$ echo N=${NUM}
N=${NUM}
$ quit

==3869950== 
==3869950== HEAP SUMMARY:
==3869950==     in use at exit: 8,472 bytes in 2 blocks
==3869950==   total heap usage: 7 allocs, 5 frees, 27,260 bytes allocated
==3869950== 
==3869950== LEAK SUMMARY:
==3869950==    definitely lost: 0 bytes in 0 blocks
==3869950==    indirectly lost: 0 bytes in 0 blocks
==3869950==      possibly lost: 0 bytes in 0 blocks
==3869950==    still reachable: 8,472 bytes in 2 blocks
==3869950==         suppressed: 0 bytes in 0 blocks
==3869950== Rerun with --leak-check=full to see details of leaked memory
==3869950== 
==3869950== For lists of detected and suppressed errors, rerun with: -s
==3869950== ERROR SUMMARY: 0 errors from 0 contexts (suppressed: 0 from 0)
