==727392== Memcheck, a memory error detector
==727392== Copyright (C) 2002-2017, and GNU GPL'd, by Julian Seward et al.
==727392== Using Valgrind-3.15.0 and LibVEX; rerun with -h for copyright info
==727392== Command: ../dukesh -b scripts/export.txt
==727392== 
$ which export
export: dukesh built-in command
$ echo N=${NUM}
N=
$ export NUM=5
$ echo N=${NUM}
N=5
$ quit

==727392== 
==727392== HEAP SUMMARY:
==727392==     in use at exit: 8,472 bytes in 2 blocks
==727392==   total heap usage: 9 allocs, 7 frees, 27,266 bytes allocated
==727392== 
==727392== LEAK SUMMARY:
==727392==    definitely lost: 0 bytes in 0 blocks
==727392==    indirectly lost: 0 bytes in 0 blocks
==727392==      possibly lost: 0 bytes in 0 blocks
==727392==    still reachable: 8,472 bytes in 2 blocks
==727392==         suppressed: 0 bytes in 0 blocks
==727392== Rerun with --leak-check=full to see details of leaked memory
==727392== 
==727392== For lists of detected and suppressed errors, rerun with: -s
==727392== ERROR SUMMARY: 0 errors from 0 contexts (suppressed: 0 from 0)
