==1109120== Memcheck, a memory error detector
==1109120== Copyright (C) 2002-2017, and GNU GPL'd, by Julian Seward et al.
==1109120== Using Valgrind-3.15.0 and LibVEX; rerun with -h for copyright info
==1109120== Command: ../dukesh -b scripts/export.txt
==1109120== 
$ which export
export: dukesh built-in command
$ echo N=${NUM}
N=
$ export NUM=5
$ echo N=${NUM}
N=5
$ quit

==1109120== 
==1109120== HEAP SUMMARY:
==1109120==     in use at exit: 8,472 bytes in 2 blocks
==1109120==   total heap usage: 9 allocs, 7 frees, 27,266 bytes allocated
==1109120== 
==1109120== LEAK SUMMARY:
==1109120==    definitely lost: 0 bytes in 0 blocks
==1109120==    indirectly lost: 0 bytes in 0 blocks
==1109120==      possibly lost: 0 bytes in 0 blocks
==1109120==    still reachable: 8,472 bytes in 2 blocks
==1109120==         suppressed: 0 bytes in 0 blocks
==1109120== Rerun with --leak-check=full to see details of leaked memory
==1109120== 
==1109120== For lists of detected and suppressed errors, rerun with: -s
==1109120== ERROR SUMMARY: 0 errors from 0 contexts (suppressed: 0 from 0)
