==113219== Memcheck, a memory error detector
==113219== Copyright (C) 2002-2017, and GNU GPL'd, by Julian Seward et al.
==113219== Using Valgrind-3.15.0 and LibVEX; rerun with -h for copyright info
==113219== Command: ../dukesh -b scripts/export.txt
==113219== 
$ which export
export: dukesh built-in command
$ echo N=${NUM}
N=
$ export NUM=5
$ echo N=${NUM}
N=5
$ quit

==113219== 
==113219== HEAP SUMMARY:
==113219==     in use at exit: 472 bytes in 1 blocks
==113219==   total heap usage: 8 allocs, 7 frees, 19,266 bytes allocated
==113219== 
==113219== LEAK SUMMARY:
==113219==    definitely lost: 0 bytes in 0 blocks
==113219==    indirectly lost: 0 bytes in 0 blocks
==113219==      possibly lost: 0 bytes in 0 blocks
==113219==    still reachable: 472 bytes in 1 blocks
==113219==         suppressed: 0 bytes in 0 blocks
==113219== Rerun with --leak-check=full to see details of leaked memory
==113219== 
==113219== For lists of detected and suppressed errors, rerun with: -s
==113219== ERROR SUMMARY: 0 errors from 0 contexts (suppressed: 0 from 0)
