==1043144== Memcheck, a memory error detector
==1043144== Copyright (C) 2002-2017, and GNU GPL'd, by Julian Seward et al.
==1043144== Using Valgrind-3.15.0 and LibVEX; rerun with -h for copyright info
==1043144== Command: ../dukesh -b scripts/export.txt
==1043144== 
$ which export
export: dukesh built-in command
$ echo N=${NUM}
N=
$ export NUM=5
$ echo N=${NUM}
N=5
$ quit

==1043144== 
==1043144== HEAP SUMMARY:
==1043144==     in use at exit: 472 bytes in 1 blocks
==1043144==   total heap usage: 8 allocs, 7 frees, 19,266 bytes allocated
==1043144== 
==1043144== LEAK SUMMARY:
==1043144==    definitely lost: 0 bytes in 0 blocks
==1043144==    indirectly lost: 0 bytes in 0 blocks
==1043144==      possibly lost: 0 bytes in 0 blocks
==1043144==    still reachable: 472 bytes in 1 blocks
==1043144==         suppressed: 0 bytes in 0 blocks
==1043144== Rerun with --leak-check=full to see details of leaked memory
==1043144== 
==1043144== For lists of detected and suppressed errors, rerun with: -s
==1043144== ERROR SUMMARY: 0 errors from 0 contexts (suppressed: 0 from 0)
