==1150799== Memcheck, a memory error detector
==1150799== Copyright (C) 2002-2017, and GNU GPL'd, by Julian Seward et al.
==1150799== Using Valgrind-3.15.0 and LibVEX; rerun with -h for copyright info
==1150799== Command: ../dukesh -b scripts/export.txt
==1150799== 
$ which export
export: dukesh built-in command
$ echo N=${NUM}
N=
$ export NUM=5
$ echo N=${NUM}
N=5
$ quit

==1150799== 
==1150799== HEAP SUMMARY:
==1150799==     in use at exit: 8,472 bytes in 2 blocks
==1150799==   total heap usage: 9 allocs, 7 frees, 27,266 bytes allocated
==1150799== 
==1150799== LEAK SUMMARY:
==1150799==    definitely lost: 0 bytes in 0 blocks
==1150799==    indirectly lost: 0 bytes in 0 blocks
==1150799==      possibly lost: 0 bytes in 0 blocks
==1150799==    still reachable: 8,472 bytes in 2 blocks
==1150799==         suppressed: 0 bytes in 0 blocks
==1150799== Rerun with --leak-check=full to see details of leaked memory
==1150799== 
==1150799== For lists of detected and suppressed errors, rerun with: -s
==1150799== ERROR SUMMARY: 0 errors from 0 contexts (suppressed: 0 from 0)
