==2453017== Memcheck, a memory error detector
==2453017== Copyright (C) 2002-2017, and GNU GPL'd, by Julian Seward et al.
==2453017== Using Valgrind-3.15.0 and LibVEX; rerun with -h for copyright info
==2453017== Command: ../dukesh -b scripts/export.txt
==2453017== 
$ which export
export: dukesh built-in command
$ echo N=${NUM}
N=
$ export NUM=5
$ echo N=${NUM}
N=5
$ quit

==2453017== 
==2453017== HEAP SUMMARY:
==2453017==     in use at exit: 472 bytes in 1 blocks
==2453017==   total heap usage: 8 allocs, 7 frees, 19,266 bytes allocated
==2453017== 
==2453017== LEAK SUMMARY:
==2453017==    definitely lost: 0 bytes in 0 blocks
==2453017==    indirectly lost: 0 bytes in 0 blocks
==2453017==      possibly lost: 0 bytes in 0 blocks
==2453017==    still reachable: 472 bytes in 1 blocks
==2453017==         suppressed: 0 bytes in 0 blocks
==2453017== Rerun with --leak-check=full to see details of leaked memory
==2453017== 
==2453017== For lists of detected and suppressed errors, rerun with: -s
==2453017== ERROR SUMMARY: 0 errors from 0 contexts (suppressed: 0 from 0)
