==580795== Memcheck, a memory error detector
==580795== Copyright (C) 2002-2017, and GNU GPL'd, by Julian Seward et al.
==580795== Using Valgrind-3.15.0 and LibVEX; rerun with -h for copyright info
==580795== Command: ../dukesh -b scripts/export.txt
==580795== 
$ which export
export
$ echo N=${NUM}
N=${NUM}
$ export NUM=5
$ echo N=${NUM}
N=${NUM}
$ quit

==580795== 
==580795== HEAP SUMMARY:
==580795==     in use at exit: 472 bytes in 1 blocks
==580795==   total heap usage: 6 allocs, 5 frees, 19,260 bytes allocated
==580795== 
==580795== LEAK SUMMARY:
==580795==    definitely lost: 0 bytes in 0 blocks
==580795==    indirectly lost: 0 bytes in 0 blocks
==580795==      possibly lost: 0 bytes in 0 blocks
==580795==    still reachable: 472 bytes in 1 blocks
==580795==         suppressed: 0 bytes in 0 blocks
==580795== Rerun with --leak-check=full to see details of leaked memory
==580795== 
==580795== For lists of detected and suppressed errors, rerun with: -s
==580795== ERROR SUMMARY: 0 errors from 0 contexts (suppressed: 0 from 0)
