==2217401== Memcheck, a memory error detector
==2217401== Copyright (C) 2002-2017, and GNU GPL'd, by Julian Seward et al.
==2217401== Using Valgrind-3.15.0 and LibVEX; rerun with -h for copyright info
==2217401== Command: ../dukesh -b scripts/export.txt
==2217401== 
$ which export
export: dukesh built-in command
$ echo N=${NUM}
N=
$ export NUM=5
$ echo N=${NUM}
N=5
$ quit

==2217401== 
==2217401== HEAP SUMMARY:
==2217401==     in use at exit: 472 bytes in 1 blocks
==2217401==   total heap usage: 8 allocs, 7 frees, 19,266 bytes allocated
==2217401== 
==2217401== LEAK SUMMARY:
==2217401==    definitely lost: 0 bytes in 0 blocks
==2217401==    indirectly lost: 0 bytes in 0 blocks
==2217401==      possibly lost: 0 bytes in 0 blocks
==2217401==    still reachable: 472 bytes in 1 blocks
==2217401==         suppressed: 0 bytes in 0 blocks
==2217401== Rerun with --leak-check=full to see details of leaked memory
==2217401== 
==2217401== For lists of detected and suppressed errors, rerun with: -s
==2217401== ERROR SUMMARY: 0 errors from 0 contexts (suppressed: 0 from 0)
