==4000254== Memcheck, a memory error detector
==4000254== Copyright (C) 2002-2017, and GNU GPL'd, by Julian Seward et al.
==4000254== Using Valgrind-3.15.0 and LibVEX; rerun with -h for copyright info
==4000254== Command: ../dukesh -b scripts/export.txt
==4000254== 
$ which export
/cs/home/stu/setzerrj/cs361/cs361-pa1/tests/export
$ echo N=${NUM}
N=${NUM}
$ export NUM=5
$ echo N=${NUM}
N=${NUM}
$ quit

==4000254== 
==4000254== HEAP SUMMARY:
==4000254==     in use at exit: 8,472 bytes in 2 blocks
==4000254==   total heap usage: 7 allocs, 5 frees, 27,260 bytes allocated
==4000254== 
==4000254== LEAK SUMMARY:
==4000254==    definitely lost: 0 bytes in 0 blocks
==4000254==    indirectly lost: 0 bytes in 0 blocks
==4000254==      possibly lost: 0 bytes in 0 blocks
==4000254==    still reachable: 8,472 bytes in 2 blocks
==4000254==         suppressed: 0 bytes in 0 blocks
==4000254== Rerun with --leak-check=full to see details of leaked memory
==4000254== 
==4000254== For lists of detected and suppressed errors, rerun with: -s
==4000254== ERROR SUMMARY: 0 errors from 0 contexts (suppressed: 0 from 0)
