==739367== Memcheck, a memory error detector
==739367== Copyright (C) 2002-2017, and GNU GPL'd, by Julian Seward et al.
==739367== Using Valgrind-3.15.0 and LibVEX; rerun with -h for copyright info
==739367== Command: ../dukesh -b scripts/export.txt
==739367== 
$ which export
export: dukesh built-in command
$ echo N=${NUM}
N=
$ export NUM=5
$ echo N=${NUM}
N=5
$ quit

==739367== 
==739367== HEAP SUMMARY:
==739367==     in use at exit: 8,472 bytes in 2 blocks
==739367==   total heap usage: 9 allocs, 7 frees, 27,266 bytes allocated
==739367== 
==739367== LEAK SUMMARY:
==739367==    definitely lost: 0 bytes in 0 blocks
==739367==    indirectly lost: 0 bytes in 0 blocks
==739367==      possibly lost: 0 bytes in 0 blocks
==739367==    still reachable: 8,472 bytes in 2 blocks
==739367==         suppressed: 0 bytes in 0 blocks
==739367== Rerun with --leak-check=full to see details of leaked memory
==739367== 
==739367== For lists of detected and suppressed errors, rerun with: -s
==739367== ERROR SUMMARY: 0 errors from 0 contexts (suppressed: 0 from 0)
