==327743== Memcheck, a memory error detector
==327743== Copyright (C) 2002-2017, and GNU GPL'd, by Julian Seward et al.
==327743== Using Valgrind-3.15.0 and LibVEX; rerun with -h for copyright info
==327743== Command: ../dukesh -b scripts/export.txt
==327743== 
$ which export
$ echo N=${NUM}
N=${NUM}
$ export NUM=5
$ echo N=${NUM}
N=${NUM}
$ quit

==327743== 
==327743== HEAP SUMMARY:
==327743==     in use at exit: 472 bytes in 1 blocks
==327743==   total heap usage: 6 allocs, 5 frees, 19,260 bytes allocated
==327743== 
==327743== LEAK SUMMARY:
==327743==    definitely lost: 0 bytes in 0 blocks
==327743==    indirectly lost: 0 bytes in 0 blocks
==327743==      possibly lost: 0 bytes in 0 blocks
==327743==    still reachable: 472 bytes in 1 blocks
==327743==         suppressed: 0 bytes in 0 blocks
==327743== Rerun with --leak-check=full to see details of leaked memory
==327743== 
==327743== For lists of detected and suppressed errors, rerun with: -s
==327743== ERROR SUMMARY: 0 errors from 0 contexts (suppressed: 0 from 0)
