==562202== Memcheck, a memory error detector
==562202== Copyright (C) 2002-2017, and GNU GPL'd, by Julian Seward et al.
==562202== Using Valgrind-3.15.0 and LibVEX; rerun with -h for copyright info
==562202== Command: ../dukesh -b scripts/export.txt
==562202== 
$ which export
export
$ echo N=${NUM}
N=${NUM}
$ export NUM=5
$ echo N=${NUM}
N=${NUM}
$ quit

==562202== 
==562202== HEAP SUMMARY:
==562202==     in use at exit: 472 bytes in 1 blocks
==562202==   total heap usage: 6 allocs, 5 frees, 19,260 bytes allocated
==562202== 
==562202== LEAK SUMMARY:
==562202==    definitely lost: 0 bytes in 0 blocks
==562202==    indirectly lost: 0 bytes in 0 blocks
==562202==      possibly lost: 0 bytes in 0 blocks
==562202==    still reachable: 472 bytes in 1 blocks
==562202==         suppressed: 0 bytes in 0 blocks
==562202== Rerun with --leak-check=full to see details of leaked memory
==562202== 
==562202== For lists of detected and suppressed errors, rerun with: -s
==562202== ERROR SUMMARY: 0 errors from 0 contexts (suppressed: 0 from 0)
