==1542067== Memcheck, a memory error detector
==1542067== Copyright (C) 2002-2017, and GNU GPL'd, by Julian Seward et al.
==1542067== Using Valgrind-3.15.0 and LibVEX; rerun with -h for copyright info
==1542067== Command: ../dukesh -b scripts/export.txt
==1542067== 
$ which export
export: dukesh built-in command
$ echo N=${NUM}
N=
$ export NUM=5
$ echo N=${NUM}
N=5
$ quit

==1542067== 
==1542067== HEAP SUMMARY:
==1542067==     in use at exit: 472 bytes in 1 blocks
==1542067==   total heap usage: 8 allocs, 7 frees, 19,266 bytes allocated
==1542067== 
==1542067== LEAK SUMMARY:
==1542067==    definitely lost: 0 bytes in 0 blocks
==1542067==    indirectly lost: 0 bytes in 0 blocks
==1542067==      possibly lost: 0 bytes in 0 blocks
==1542067==    still reachable: 472 bytes in 1 blocks
==1542067==         suppressed: 0 bytes in 0 blocks
==1542067== Rerun with --leak-check=full to see details of leaked memory
==1542067== 
==1542067== For lists of detected and suppressed errors, rerun with: -s
==1542067== ERROR SUMMARY: 0 errors from 0 contexts (suppressed: 0 from 0)
