==3457402== Memcheck, a memory error detector
==3457402== Copyright (C) 2002-2017, and GNU GPL'd, by Julian Seward et al.
==3457402== Using Valgrind-3.15.0 and LibVEX; rerun with -h for copyright info
==3457402== Command: ../dukesh -b scripts/rc.txt
==3457402== 
$ ./bin/ls data
$ echo $?
$? 
$ ./bin/ls asldfkjasldfkj
$ echo $?
$? 
$ quit

==3457402== 
==3457402== HEAP SUMMARY:
==3457402==     in use at exit: 8,472 bytes in 2 blocks
==3457402==   total heap usage: 7 allocs, 5 frees, 27,260 bytes allocated
==3457402== 
==3457402== LEAK SUMMARY:
==3457402==    definitely lost: 0 bytes in 0 blocks
==3457402==    indirectly lost: 0 bytes in 0 blocks
==3457402==      possibly lost: 0 bytes in 0 blocks
==3457402==    still reachable: 8,472 bytes in 2 blocks
==3457402==         suppressed: 0 bytes in 0 blocks
==3457402== Rerun with --leak-check=full to see details of leaked memory
==3457402== 
==3457402== For lists of detected and suppressed errors, rerun with: -s
==3457402== ERROR SUMMARY: 0 errors from 0 contexts (suppressed: 0 from 0)
