==1542025== Memcheck, a memory error detector
==1542025== Copyright (C) 2002-2017, and GNU GPL'd, by Julian Seward et al.
==1542025== Using Valgrind-3.15.0 and LibVEX; rerun with -h for copyright info
==1542025== Command: ../dukesh -b scripts/rc.txt
==1542025== 
pwd.txt
empty.txt
$ ./bin/ls data
$ echo $?
0
$ ./bin/ls asldfkjasldfkj
$ echo $?
1
$ quit

==1542025== 
==1542025== HEAP SUMMARY:
==1542025==     in use at exit: 472 bytes in 1 blocks
==1542025==   total heap usage: 8 allocs, 7 frees, 19,264 bytes allocated
==1542025== 
==1542025== LEAK SUMMARY:
==1542025==    definitely lost: 0 bytes in 0 blocks
==1542025==    indirectly lost: 0 bytes in 0 blocks
==1542025==      possibly lost: 0 bytes in 0 blocks
==1542025==    still reachable: 472 bytes in 1 blocks
==1542025==         suppressed: 0 bytes in 0 blocks
==1542025== Rerun with --leak-check=full to see details of leaked memory
==1542025== 
==1542025== For lists of detected and suppressed errors, rerun with: -s
==1542025== ERROR SUMMARY: 0 errors from 0 contexts (suppressed: 0 from 0)
