==301375== Memcheck, a memory error detector
==301375== Copyright (C) 2002-2017, and GNU GPL'd, by Julian Seward et al.
==301375== Using Valgrind-3.15.0 and LibVEX; rerun with -h for copyright info
==301375== Command: ../dukesh -b scripts/rc.txt
==301375== 
$ ./bin/ls data
$ echo $?
$?
$ ./bin/ls asldfkjasldfkj
$ echo $?
$?
$ quit

==301375== 
==301375== HEAP SUMMARY:
==301375==     in use at exit: 472 bytes in 1 blocks
==301375==   total heap usage: 6 allocs, 5 frees, 19,260 bytes allocated
==301375== 
==301375== LEAK SUMMARY:
==301375==    definitely lost: 0 bytes in 0 blocks
==301375==    indirectly lost: 0 bytes in 0 blocks
==301375==      possibly lost: 0 bytes in 0 blocks
==301375==    still reachable: 472 bytes in 1 blocks
==301375==         suppressed: 0 bytes in 0 blocks
==301375== Rerun with --leak-check=full to see details of leaked memory
==301375== 
==301375== For lists of detected and suppressed errors, rerun with: -s
==301375== ERROR SUMMARY: 0 errors from 0 contexts (suppressed: 0 from 0)
