==1821165== Memcheck, a memory error detector
==1821165== Copyright (C) 2002-2017, and GNU GPL'd, by Julian Seward et al.
==1821165== Using Valgrind-3.15.0 and LibVEX; rerun with -h for copyright info
==1821165== Command: ../dukesh -b scripts/rc.txt
==1821165== 
pwd.txt
empty.txt
$ ./bin/ls data
$ echo $?
0
$ ./bin/ls asldfkjasldfkj
$ echo $?
1
$ quit

==1821165== 
==1821165== HEAP SUMMARY:
==1821165==     in use at exit: 472 bytes in 1 blocks
==1821165==   total heap usage: 8 allocs, 7 frees, 19,264 bytes allocated
==1821165== 
==1821165== LEAK SUMMARY:
==1821165==    definitely lost: 0 bytes in 0 blocks
==1821165==    indirectly lost: 0 bytes in 0 blocks
==1821165==      possibly lost: 0 bytes in 0 blocks
==1821165==    still reachable: 472 bytes in 1 blocks
==1821165==         suppressed: 0 bytes in 0 blocks
==1821165== Rerun with --leak-check=full to see details of leaked memory
==1821165== 
==1821165== For lists of detected and suppressed errors, rerun with: -s
==1821165== ERROR SUMMARY: 0 errors from 0 contexts (suppressed: 0 from 0)
