==111936== Memcheck, a memory error detector
==111936== Copyright (C) 2002-2017, and GNU GPL'd, by Julian Seward et al.
==111936== Using Valgrind-3.15.0 and LibVEX; rerun with -h for copyright info
==111936== Command: ../dukesh -b scripts/rc.txt
==111936== 
$ ./bin/ls data
pwd.txt
empty.txt
$ echo $?
$?
$ ./bin/ls asldfkjasldfkj
$ echo $?
$?
$ quit

==111936== 
==111936== HEAP SUMMARY:
==111936==     in use at exit: 8,472 bytes in 2 blocks
==111936==   total heap usage: 7 allocs, 5 frees, 27,260 bytes allocated
==111936== 
==111936== LEAK SUMMARY:
==111936==    definitely lost: 0 bytes in 0 blocks
==111936==    indirectly lost: 0 bytes in 0 blocks
==111936==      possibly lost: 0 bytes in 0 blocks
==111936==    still reachable: 8,472 bytes in 2 blocks
==111936==         suppressed: 0 bytes in 0 blocks
==111936== Rerun with --leak-check=full to see details of leaked memory
==111936== 
==111936== For lists of detected and suppressed errors, rerun with: -s
==111936== ERROR SUMMARY: 0 errors from 0 contexts (suppressed: 0 from 0)
