==1935081== Memcheck, a memory error detector
==1935081== Copyright (C) 2002-2017, and GNU GPL'd, by Julian Seward et al.
==1935081== Using Valgrind-3.15.0 and LibVEX; rerun with -h for copyright info
==1935081== Command: ../dukesh -b scripts/rc.txt
==1935081== 
$ ./bin/ls data
$ echo $?
0
$ ./bin/ls asldfkjasldfkj
$ echo $?
1
$ quit

==1935107== 
==1935107== HEAP SUMMARY:
==1935107==     in use at exit: 472 bytes in 1 blocks
==1935107==   total heap usage: 8 allocs, 7 frees, 19,264 bytes allocated
==1935107== 
==1935107== LEAK SUMMARY:
==1935107==    definitely lost: 0 bytes in 0 blocks
==1935107==    indirectly lost: 0 bytes in 0 blocks
==1935107==      possibly lost: 0 bytes in 0 blocks
==1935107==    still reachable: 472 bytes in 1 blocks
==1935107==         suppressed: 0 bytes in 0 blocks
==1935107== Rerun with --leak-check=full to see details of leaked memory
==1935107== 
==1935107== For lists of detected and suppressed errors, rerun with: -s
==1935107== ERROR SUMMARY: 0 errors from 0 contexts (suppressed: 0 from 0)
$ ./bin/ls data
$ echo $?
0
$ ./bin/ls asldfkjasldfkj
$ echo $?
1
$ quit

==1935106== 
==1935106== HEAP SUMMARY:
==1935106==     in use at exit: 472 bytes in 1 blocks
==1935106==   total heap usage: 8 allocs, 7 frees, 19,264 bytes allocated
==1935106== 
==1935106== LEAK SUMMARY:
==1935106==    definitely lost: 0 bytes in 0 blocks
==1935106==    indirectly lost: 0 bytes in 0 blocks
==1935106==      possibly lost: 0 bytes in 0 blocks
==1935106==    still reachable: 472 bytes in 1 blocks
==1935106==         suppressed: 0 bytes in 0 blocks
==1935106== Rerun with --leak-check=full to see details of leaked memory
==1935106== 
==1935106== For lists of detected and suppressed errors, rerun with: -s
==1935106== ERROR SUMMARY: 0 errors from 0 contexts (suppressed: 0 from 0)
$ ./bin/ls data
$ echo $?
0
$ ./bin/ls asldfkjasldfkj
$ echo $?
1
$ quit

==1935108== 
==1935108== HEAP SUMMARY:
==1935108==     in use at exit: 472 bytes in 1 blocks
==1935108==   total heap usage: 8 allocs, 7 frees, 19,264 bytes allocated
==1935108== 
==1935108== LEAK SUMMARY:
==1935108==    definitely lost: 0 bytes in 0 blocks
==1935108==    indirectly lost: 0 bytes in 0 blocks
==1935108==      possibly lost: 0 bytes in 0 blocks
==1935108==    still reachable: 472 bytes in 1 blocks
==1935108==         suppressed: 0 bytes in 0 blocks
==1935108== Rerun with --leak-check=full to see details of leaked memory
==1935108== 
==1935108== For lists of detected and suppressed errors, rerun with: -s
==1935108== ERROR SUMMARY: 0 errors from 0 contexts (suppressed: 0 from 0)
$ ./bin/ls data
$ echo $?
0
$ ./bin/ls asldfkjasldfkj
$ echo $?
1
$ quit

==1935081== 
==1935081== HEAP SUMMARY:
==1935081==     in use at exit: 472 bytes in 1 blocks
==1935081==   total heap usage: 8 allocs, 7 frees, 19,264 bytes allocated
==1935081== 
==1935081== LEAK SUMMARY:
==1935081==    definitely lost: 0 bytes in 0 blocks
==1935081==    indirectly lost: 0 bytes in 0 blocks
==1935081==      possibly lost: 0 bytes in 0 blocks
==1935081==    still reachable: 472 bytes in 1 blocks
==1935081==         suppressed: 0 bytes in 0 blocks
==1935081== Rerun with --leak-check=full to see details of leaked memory
==1935081== 
==1935081== For lists of detected and suppressed errors, rerun with: -s
==1935081== ERROR SUMMARY: 0 errors from 0 contexts (suppressed: 0 from 0)
