==562192== Memcheck, a memory error detector
==562192== Copyright (C) 2002-2017, and GNU GPL'd, by Julian Seward et al.
==562192== Using Valgrind-3.15.0 and LibVEX; rerun with -h for copyright info
==562192== Command: ../dukesh -b scripts/rc.txt
==562192== 
$ ./bin/ls data
$ echo $?
$?
$ ./bin/ls asldfkjasldfkj
$ echo $?
$?
$ quit

==562192== 
==562192== HEAP SUMMARY:
==562192==     in use at exit: 472 bytes in 1 blocks
==562192==   total heap usage: 6 allocs, 5 frees, 19,260 bytes allocated
==562192== 
==562192== LEAK SUMMARY:
==562192==    definitely lost: 0 bytes in 0 blocks
==562192==    indirectly lost: 0 bytes in 0 blocks
==562192==      possibly lost: 0 bytes in 0 blocks
==562192==    still reachable: 472 bytes in 1 blocks
==562192==         suppressed: 0 bytes in 0 blocks
==562192== Rerun with --leak-check=full to see details of leaked memory
==562192== 
==562192== For lists of detected and suppressed errors, rerun with: -s
==562192== ERROR SUMMARY: 0 errors from 0 contexts (suppressed: 0 from 0)
