==1053125== Memcheck, a memory error detector
==1053125== Copyright (C) 2002-2017, and GNU GPL'd, by Julian Seward et al.
==1053125== Using Valgrind-3.15.0 and LibVEX; rerun with -h for copyright info
==1053125== Command: ../dukesh -b scripts/rc.txt
==1053125== 
$ ./bin/ls data
pwd.txt
empty.txt
$ echo $?
?
$ ./bin/ls asldfkjasldfkj
$ echo $?
?
$ quit

==1053125== 
==1053125== HEAP SUMMARY:
==1053125==     in use at exit: 8,472 bytes in 2 blocks
==1053125==   total heap usage: 7 allocs, 5 frees, 27,260 bytes allocated
==1053125== 
==1053125== LEAK SUMMARY:
==1053125==    definitely lost: 0 bytes in 0 blocks
==1053125==    indirectly lost: 0 bytes in 0 blocks
==1053125==      possibly lost: 0 bytes in 0 blocks
==1053125==    still reachable: 8,472 bytes in 2 blocks
==1053125==         suppressed: 0 bytes in 0 blocks
==1053125== Rerun with --leak-check=full to see details of leaked memory
==1053125== 
==1053125== For lists of detected and suppressed errors, rerun with: -s
==1053125== ERROR SUMMARY: 0 errors from 0 contexts (suppressed: 0 from 0)
