==339866== Memcheck, a memory error detector
==339866== Copyright (C) 2002-2017, and GNU GPL'd, by Julian Seward et al.
==339866== Using Valgrind-3.15.0 and LibVEX; rerun with -h for copyright info
==339866== Command: ../dukesh -b scripts/rc.txt
==339866== 
$ ./bin/ls data
$ echo $?
$?
$ ./bin/ls asldfkjasldfkj
$ echo $?
$?
$ quit

==339866== 
==339866== HEAP SUMMARY:
==339866==     in use at exit: 472 bytes in 1 blocks
==339866==   total heap usage: 6 allocs, 5 frees, 19,260 bytes allocated
==339866== 
==339866== LEAK SUMMARY:
==339866==    definitely lost: 0 bytes in 0 blocks
==339866==    indirectly lost: 0 bytes in 0 blocks
==339866==      possibly lost: 0 bytes in 0 blocks
==339866==    still reachable: 472 bytes in 1 blocks
==339866==         suppressed: 0 bytes in 0 blocks
==339866== Rerun with --leak-check=full to see details of leaked memory
==339866== 
==339866== For lists of detected and suppressed errors, rerun with: -s
==339866== ERROR SUMMARY: 0 errors from 0 contexts (suppressed: 0 from 0)
