==1109095== Memcheck, a memory error detector
==1109095== Copyright (C) 2002-2017, and GNU GPL'd, by Julian Seward et al.
==1109095== Using Valgrind-3.15.0 and LibVEX; rerun with -h for copyright info
==1109095== Command: ../dukesh -b scripts/rc.txt
==1109095== 
$ ./bin/ls data
pwd.txt
empty.txt
$ echo $?
?
$ ./bin/ls asldfkjasldfkj
$ echo $?
?
$ quit

==1109095== 
==1109095== HEAP SUMMARY:
==1109095==     in use at exit: 8,472 bytes in 2 blocks
==1109095==   total heap usage: 7 allocs, 5 frees, 27,260 bytes allocated
==1109095== 
==1109095== LEAK SUMMARY:
==1109095==    definitely lost: 0 bytes in 0 blocks
==1109095==    indirectly lost: 0 bytes in 0 blocks
==1109095==      possibly lost: 0 bytes in 0 blocks
==1109095==    still reachable: 8,472 bytes in 2 blocks
==1109095==         suppressed: 0 bytes in 0 blocks
==1109095== Rerun with --leak-check=full to see details of leaked memory
==1109095== 
==1109095== For lists of detected and suppressed errors, rerun with: -s
==1109095== ERROR SUMMARY: 0 errors from 0 contexts (suppressed: 0 from 0)
