==580774== Memcheck, a memory error detector
==580774== Copyright (C) 2002-2017, and GNU GPL'd, by Julian Seward et al.
==580774== Using Valgrind-3.15.0 and LibVEX; rerun with -h for copyright info
==580774== Command: ../dukesh -b scripts/rc.txt
==580774== 
$ ./bin/ls data
$ echo $?
$?
$ ./bin/ls asldfkjasldfkj
$ echo $?
$?
$ quit

==580774== 
==580774== HEAP SUMMARY:
==580774==     in use at exit: 472 bytes in 1 blocks
==580774==   total heap usage: 6 allocs, 5 frees, 19,260 bytes allocated
==580774== 
==580774== LEAK SUMMARY:
==580774==    definitely lost: 0 bytes in 0 blocks
==580774==    indirectly lost: 0 bytes in 0 blocks
==580774==      possibly lost: 0 bytes in 0 blocks
==580774==    still reachable: 472 bytes in 1 blocks
==580774==         suppressed: 0 bytes in 0 blocks
==580774== Rerun with --leak-check=full to see details of leaked memory
==580774== 
==580774== For lists of detected and suppressed errors, rerun with: -s
==580774== ERROR SUMMARY: 0 errors from 0 contexts (suppressed: 0 from 0)
