==2453001== Memcheck, a memory error detector
==2453001== Copyright (C) 2002-2017, and GNU GPL'd, by Julian Seward et al.
==2453001== Using Valgrind-3.15.0 and LibVEX; rerun with -h for copyright info
==2453001== Command: ../dukesh -b scripts/rc.txt
==2453001== 
$ ./bin/ls data
pwd.txt
empty.txt
$ echo $?
0
$ ./bin/ls asldfkjasldfkj
$ echo $?
1
$ quit

==2453001== 
==2453001== HEAP SUMMARY:
==2453001==     in use at exit: 472 bytes in 1 blocks
==2453001==   total heap usage: 8 allocs, 7 frees, 19,264 bytes allocated
==2453001== 
==2453001== LEAK SUMMARY:
==2453001==    definitely lost: 0 bytes in 0 blocks
==2453001==    indirectly lost: 0 bytes in 0 blocks
==2453001==      possibly lost: 0 bytes in 0 blocks
==2453001==    still reachable: 472 bytes in 1 blocks
==2453001==         suppressed: 0 bytes in 0 blocks
==2453001== Rerun with --leak-check=full to see details of leaked memory
==2453001== 
==2453001== For lists of detected and suppressed errors, rerun with: -s
==2453001== ERROR SUMMARY: 0 errors from 0 contexts (suppressed: 0 from 0)
