==727385== Memcheck, a memory error detector
==727385== Copyright (C) 2002-2017, and GNU GPL'd, by Julian Seward et al.
==727385== Using Valgrind-3.15.0 and LibVEX; rerun with -h for copyright info
==727385== Command: ../dukesh -b scripts/rc.txt
==727385== 
$ ./bin/ls data
pwd.txt
empty.txt
$ echo $?
?
$ ./bin/ls asldfkjasldfkj
$ echo $?
?
$ quit

==727385== 
==727385== HEAP SUMMARY:
==727385==     in use at exit: 8,472 bytes in 2 blocks
==727385==   total heap usage: 7 allocs, 5 frees, 27,260 bytes allocated
==727385== 
==727385== LEAK SUMMARY:
==727385==    definitely lost: 0 bytes in 0 blocks
==727385==    indirectly lost: 0 bytes in 0 blocks
==727385==      possibly lost: 0 bytes in 0 blocks
==727385==    still reachable: 8,472 bytes in 2 blocks
==727385==         suppressed: 0 bytes in 0 blocks
==727385== Rerun with --leak-check=full to see details of leaked memory
==727385== 
==727385== For lists of detected and suppressed errors, rerun with: -s
==727385== ERROR SUMMARY: 0 errors from 0 contexts (suppressed: 0 from 0)
