==4000246== Memcheck, a memory error detector
==4000246== Copyright (C) 2002-2017, and GNU GPL'd, by Julian Seward et al.
==4000246== Using Valgrind-3.15.0 and LibVEX; rerun with -h for copyright info
==4000246== Command: ../dukesh -b scripts/rc.txt
==4000246== 
$ ./bin/ls data
pwd.txt  empty.txt  
$ echo $?
$?
$ ./bin/ls asldfkjasldfkj
$ echo $?
$?
$ quit

==4000246== 
==4000246== HEAP SUMMARY:
==4000246==     in use at exit: 8,472 bytes in 2 blocks
==4000246==   total heap usage: 7 allocs, 5 frees, 27,260 bytes allocated
==4000246== 
==4000246== LEAK SUMMARY:
==4000246==    definitely lost: 0 bytes in 0 blocks
==4000246==    indirectly lost: 0 bytes in 0 blocks
==4000246==      possibly lost: 0 bytes in 0 blocks
==4000246==    still reachable: 8,472 bytes in 2 blocks
==4000246==         suppressed: 0 bytes in 0 blocks
==4000246== Rerun with --leak-check=full to see details of leaked memory
==4000246== 
==4000246== For lists of detected and suppressed errors, rerun with: -s
==4000246== ERROR SUMMARY: 0 errors from 0 contexts (suppressed: 0 from 0)
