==2132633== Memcheck, a memory error detector
==2132633== Copyright (C) 2002-2017, and GNU GPL'd, by Julian Seward et al.
==2132633== Using Valgrind-3.15.0 and LibVEX; rerun with -h for copyright info
==2132633== Command: ../dukesh -b scripts/rc.txt
==2132633== 
$ ./bin/ls data
pwd.txt
empty.txt
$ echo $?
0
$ ./bin/ls asldfkjasldfkj
$ echo $?
1
$ quit

==2132633== 
==2132633== HEAP SUMMARY:
==2132633==     in use at exit: 8,472 bytes in 2 blocks
==2132633==   total heap usage: 9 allocs, 7 frees, 27,264 bytes allocated
==2132633== 
==2132633== LEAK SUMMARY:
==2132633==    definitely lost: 0 bytes in 0 blocks
==2132633==    indirectly lost: 0 bytes in 0 blocks
==2132633==      possibly lost: 0 bytes in 0 blocks
==2132633==    still reachable: 8,472 bytes in 2 blocks
==2132633==         suppressed: 0 bytes in 0 blocks
==2132633== Rerun with --leak-check=full to see details of leaked memory
==2132633== 
==2132633== For lists of detected and suppressed errors, rerun with: -s
==2132633== ERROR SUMMARY: 0 errors from 0 contexts (suppressed: 0 from 0)
