==3801677== Memcheck, a memory error detector
==3801677== Copyright (C) 2002-2017, and GNU GPL'd, by Julian Seward et al.
==3801677== Using Valgrind-3.15.0 and LibVEX; rerun with -h for copyright info
==3801677== Command: ../dukesh -b scripts/rc.txt
==3801677== 
$ ./bin/ls data
$ echo $?
$?
$ ./bin/ls asldfkjasldfkj
$ echo $?
$?
$ quit

==3801677== 
==3801677== HEAP SUMMARY:
==3801677==     in use at exit: 8,472 bytes in 2 blocks
==3801677==   total heap usage: 7 allocs, 5 frees, 27,260 bytes allocated
==3801677== 
==3801677== LEAK SUMMARY:
==3801677==    definitely lost: 0 bytes in 0 blocks
==3801677==    indirectly lost: 0 bytes in 0 blocks
==3801677==      possibly lost: 0 bytes in 0 blocks
==3801677==    still reachable: 8,472 bytes in 2 blocks
==3801677==         suppressed: 0 bytes in 0 blocks
==3801677== Rerun with --leak-check=full to see details of leaked memory
==3801677== 
==3801677== For lists of detected and suppressed errors, rerun with: -s
==3801677== ERROR SUMMARY: 0 errors from 0 contexts (suppressed: 0 from 0)
