==739361== Memcheck, a memory error detector
==739361== Copyright (C) 2002-2017, and GNU GPL'd, by Julian Seward et al.
==739361== Using Valgrind-3.15.0 and LibVEX; rerun with -h for copyright info
==739361== Command: ../dukesh -b scripts/rc.txt
==739361== 
$ ./bin/ls data
pwd.txt
empty.txt
$ echo $?
?
$ ./bin/ls asldfkjasldfkj
$ echo $?
?
$ quit

==739361== 
==739361== HEAP SUMMARY:
==739361==     in use at exit: 8,472 bytes in 2 blocks
==739361==   total heap usage: 7 allocs, 5 frees, 27,260 bytes allocated
==739361== 
==739361== LEAK SUMMARY:
==739361==    definitely lost: 0 bytes in 0 blocks
==739361==    indirectly lost: 0 bytes in 0 blocks
==739361==      possibly lost: 0 bytes in 0 blocks
==739361==    still reachable: 8,472 bytes in 2 blocks
==739361==         suppressed: 0 bytes in 0 blocks
==739361== Rerun with --leak-check=full to see details of leaked memory
==739361== 
==739361== For lists of detected and suppressed errors, rerun with: -s
==739361== ERROR SUMMARY: 0 errors from 0 contexts (suppressed: 0 from 0)
