==1150778== Memcheck, a memory error detector
==1150778== Copyright (C) 2002-2017, and GNU GPL'd, by Julian Seward et al.
==1150778== Using Valgrind-3.15.0 and LibVEX; rerun with -h for copyright info
==1150778== Command: ../dukesh -b scripts/rc.txt
==1150778== 
$ ./bin/ls data
pwd.txt
empty.txt
$ echo $?
0
$ ./bin/ls asldfkjasldfkj
$ echo $?
1
$ quit

==1150778== 
==1150778== HEAP SUMMARY:
==1150778==     in use at exit: 8,472 bytes in 2 blocks
==1150778==   total heap usage: 9 allocs, 7 frees, 27,264 bytes allocated
==1150778== 
==1150778== LEAK SUMMARY:
==1150778==    definitely lost: 0 bytes in 0 blocks
==1150778==    indirectly lost: 0 bytes in 0 blocks
==1150778==      possibly lost: 0 bytes in 0 blocks
==1150778==    still reachable: 8,472 bytes in 2 blocks
==1150778==         suppressed: 0 bytes in 0 blocks
==1150778== Rerun with --leak-check=full to see details of leaked memory
==1150778== 
==1150778== For lists of detected and suppressed errors, rerun with: -s
==1150778== ERROR SUMMARY: 0 errors from 0 contexts (suppressed: 0 from 0)
