==4000162== Memcheck, a memory error detector
==4000162== Copyright (C) 2002-2017, and GNU GPL'd, by Julian Seward et al.
==4000162== Using Valgrind-3.15.0 and LibVEX; rerun with -h for copyright info
==4000162== Command: ../dukesh -b scripts/bins_flags.txt
==4000162== 
./bin/ls: invalid option -- ' '
./bin/ls: invalid option -- ' '
./bin/ls: invalid option -- ' '
$ ./bin/ls -a data
ls, list directory contents
usage: ls [FLAG ...] [DIR]
FLAG is one or more of:
  -a       list all files (even hidden ones)
  -s       list file sizes
If no DIR specified, list current directory contents
.  ..  integration.sh  bin  utests.txt  testsuite.c  expected  itests.include  itests.txt  valgrind  testsuite  testsuite.o  public.o  outputs  style.sh  data  scripts  Makefile  public.c  
$ ./bin/ls -s data
ls, list directory contents
usage: ls [FLAG ...] [DIR]
FLAG is one or more of:
  -a       list all files (even hidden ones)
  -s       list file sizes
If no DIR specified, list current directory contents
40 integration.sh   24 bin   32 utests.txt   32 testsuite.c   32 expected   40 itests.include   32 itests.txt   32 valgrind   32 testsuite   32 testsuite.o   32 public.o   32 outputs   32 style.sh   24 data   32 scripts   32 Makefile   32 public.c   
$ ./bin/ls -sa data
ls, list directory contents
usage: ls [FLAG ...] [DIR]
FLAG is one or more of:
  -a       list all files (even hidden ones)
  -s       list file sizes
If no DIR specified, list current directory contents
24 .   24 ..   40 integration.sh   24 bin   32 utests.txt   32 testsuite.c   32 expected   40 itests.include   32 itests.txt   32 valgrind   32 testsuite   32 testsuite.o   32 public.o   32 outputs   32 style.sh   24 data   32 scripts   32 Makefile   32 public.c   
$ ./bin/head -n 1 Makefile
$ quit

==4000162== 
==4000162== HEAP SUMMARY:
==4000162==     in use at exit: 8,472 bytes in 2 blocks
==4000162==   total heap usage: 7 allocs, 5 frees, 27,260 bytes allocated
==4000162== 
==4000162== LEAK SUMMARY:
==4000162==    definitely lost: 0 bytes in 0 blocks
==4000162==    indirectly lost: 0 bytes in 0 blocks
==4000162==      possibly lost: 0 bytes in 0 blocks
==4000162==    still reachable: 8,472 bytes in 2 blocks
==4000162==         suppressed: 0 bytes in 0 blocks
==4000162== Rerun with --leak-check=full to see details of leaked memory
==4000162== 
==4000162== For lists of detected and suppressed errors, rerun with: -s
==4000162== ERROR SUMMARY: 0 errors from 0 contexts (suppressed: 0 from 0)
