==2452691== Memcheck, a memory error detector
==2452691== Copyright (C) 2002-2017, and GNU GPL'd, by Julian Seward et al.
==2452691== Using Valgrind-3.15.0 and LibVEX; rerun with -h for copyright info
==2452691== Command: ../dukesh -b scripts/bins_flags.txt
==2452691== 
$ ./bin/ls -a data
.
..
pwd.txt
.hidden.txt
empty.txt
$ ./bin/ls -s data
9 pwd.txt
0 empty.txt
$ ./bin/ls -sa data
4096 .
4096 ..
9 pwd.txt
5 .hidden.txt
0 empty.txt
$ ./bin/head -n 1 Makefile
#
$ quit

==2452691== 
==2452691== HEAP SUMMARY:
==2452691==     in use at exit: 472 bytes in 1 blocks
==2452691==   total heap usage: 6 allocs, 5 frees, 19,260 bytes allocated
==2452691== 
==2452691== LEAK SUMMARY:
==2452691==    definitely lost: 0 bytes in 0 blocks
==2452691==    indirectly lost: 0 bytes in 0 blocks
==2452691==      possibly lost: 0 bytes in 0 blocks
==2452691==    still reachable: 472 bytes in 1 blocks
==2452691==         suppressed: 0 bytes in 0 blocks
==2452691== Rerun with --leak-check=full to see details of leaked memory
==2452691== 
==2452691== For lists of detected and suppressed errors, rerun with: -s
==2452691== ERROR SUMMARY: 0 errors from 0 contexts (suppressed: 0 from 0)
