==4063359== Memcheck, a memory error detector
==4063359== Copyright (C) 2002-2017, and GNU GPL'd, by Julian Seward et al.
==4063359== Using Valgrind-3.15.0 and LibVEX; rerun with -h for copyright info
==4063359== Command: ../dukesh -b scripts/bins_flags.txt
==4063359== 
$ ./bin/ls -a data
.
..
pwd.txt
.hidden.txt
empty.txt
$ ./bin/ls -s data
9 pwd.txt
0 empty.txt
$ ./bin/ls -sa data
4096 .
4096 ..
9 pwd.txt
5 .hidden.txt
0 empty.txt
$ ./bin/head -n 1 Makefile
#
$ quit

==4063359== 
==4063359== HEAP SUMMARY:
==4063359==     in use at exit: 472 bytes in 1 blocks
==4063359==   total heap usage: 6 allocs, 5 frees, 19,260 bytes allocated
==4063359== 
==4063359== LEAK SUMMARY:
==4063359==    definitely lost: 0 bytes in 0 blocks
==4063359==    indirectly lost: 0 bytes in 0 blocks
==4063359==      possibly lost: 0 bytes in 0 blocks
==4063359==    still reachable: 472 bytes in 1 blocks
==4063359==         suppressed: 0 bytes in 0 blocks
==4063359== Rerun with --leak-check=full to see details of leaked memory
==4063359== 
==4063359== For lists of detected and suppressed errors, rerun with: -s
==4063359== ERROR SUMMARY: 0 errors from 0 contexts (suppressed: 0 from 0)
