==111883== Memcheck, a memory error detector
==111883== Copyright (C) 2002-2017, and GNU GPL'd, by Julian Seward et al.
==111883== Using Valgrind-3.15.0 and LibVEX; rerun with -h for copyright info
==111883== Command: ../dukesh -b scripts/bins_flags.txt
==111883== 
$ ./bin/ls -a data
.
..
pwd.txt
.hidden.txt
empty.txt
$ ./bin/ls -s data
32 pwd.txt
32 empty.txt
$ ./bin/ls -sa data
24 .
24 ..
32 pwd.txt
32 .hidden.txt
32 empty.txt
$ ./bin/head -n 1 Makefile
$ quit

==111883== 
==111883== HEAP SUMMARY:
==111883==     in use at exit: 8,472 bytes in 2 blocks
==111883==   total heap usage: 7 allocs, 5 frees, 27,260 bytes allocated
==111883== 
==111883== LEAK SUMMARY:
==111883==    definitely lost: 0 bytes in 0 blocks
==111883==    indirectly lost: 0 bytes in 0 blocks
==111883==      possibly lost: 0 bytes in 0 blocks
==111883==    still reachable: 8,472 bytes in 2 blocks
==111883==         suppressed: 0 bytes in 0 blocks
==111883== Rerun with --leak-check=full to see details of leaked memory
==111883== 
==111883== For lists of detected and suppressed errors, rerun with: -s
==111883== ERROR SUMMARY: 0 errors from 0 contexts (suppressed: 0 from 0)
