==296088== Memcheck, a memory error detector
==296088== Copyright (C) 2002-2017, and GNU GPL'd, by Julian Seward et al.
==296088== Using Valgrind-3.15.0 and LibVEX; rerun with -h for copyright info
==296088== Command: ../dukesh -b scripts/bins_flags.txt
==296088== 
$ ./bin/ls -a data
.
..
pwd.txt
.hidden.txt
empty.txt
$ ./bin/ls -s data
9 pwd.txt
0 empty.txt
$ ./bin/ls -sa data
4096 .
4096 ..
9 pwd.txt
5 .hidden.txt
0 empty.txt
$ ./bin/head -n 1 Makefile
#
$ quit

==296088== 
==296088== HEAP SUMMARY:
==296088==     in use at exit: 472 bytes in 1 blocks
==296088==   total heap usage: 6 allocs, 5 frees, 19,260 bytes allocated
==296088== 
==296088== LEAK SUMMARY:
==296088==    definitely lost: 0 bytes in 0 blocks
==296088==    indirectly lost: 0 bytes in 0 blocks
==296088==      possibly lost: 0 bytes in 0 blocks
==296088==    still reachable: 472 bytes in 1 blocks
==296088==         suppressed: 0 bytes in 0 blocks
==296088== Rerun with --leak-check=full to see details of leaked memory
==296088== 
==296088== For lists of detected and suppressed errors, rerun with: -s
==296088== ERROR SUMMARY: 0 errors from 0 contexts (suppressed: 0 from 0)
