==1109012== Memcheck, a memory error detector
==1109012== Copyright (C) 2002-2017, and GNU GPL'd, by Julian Seward et al.
==1109012== Using Valgrind-3.15.0 and LibVEX; rerun with -h for copyright info
==1109012== Command: ../dukesh -b scripts/bins_flags.txt
==1109012== 
$ ./bin/ls -a data
.
..
pwd.txt
.hidden.txt
empty.txt
$ ./bin/ls -s data
9 pwd.txt
0 empty.txt
$ ./bin/ls -sa data
4096 .
4096 ..
9 pwd.txt
5 .hidden.txt
0 empty.txt
$ ./bin/head -n 1 Makefile
#
$ quit

==1109012== 
==1109012== HEAP SUMMARY:
==1109012==     in use at exit: 8,472 bytes in 2 blocks
==1109012==   total heap usage: 7 allocs, 5 frees, 27,260 bytes allocated
==1109012== 
==1109012== LEAK SUMMARY:
==1109012==    definitely lost: 0 bytes in 0 blocks
==1109012==    indirectly lost: 0 bytes in 0 blocks
==1109012==      possibly lost: 0 bytes in 0 blocks
==1109012==    still reachable: 8,472 bytes in 2 blocks
==1109012==         suppressed: 0 bytes in 0 blocks
==1109012== Rerun with --leak-check=full to see details of leaked memory
==1109012== 
==1109012== For lists of detected and suppressed errors, rerun with: -s
==1109012== ERROR SUMMARY: 0 errors from 0 contexts (suppressed: 0 from 0)
