==1837985== Memcheck, a memory error detector
==1837985== Copyright (C) 2002-2017, and GNU GPL'd, by Julian Seward et al.
==1837985== Using Valgrind-3.15.0 and LibVEX; rerun with -h for copyright info
==1837985== Command: ../dukesh -b scripts/which.txt
==1837985== 
$ which cd
cd: dukesh built-in command
$ which echo
echo: dukesh built-in command
$ which pwd
pwd: dukesh built-in command
$ which which 
which: dukesh built-in command
$ which ./bin/ls
./bin/ls
$ which ./bin/head
./bin/head
$ quit

==1837985== 
==1837985== HEAP SUMMARY:
==1837985==     in use at exit: 472 bytes in 1 blocks
==1837985==   total heap usage: 6 allocs, 5 frees, 19,260 bytes allocated
==1837985== 
==1837985== LEAK SUMMARY:
==1837985==    definitely lost: 0 bytes in 0 blocks
==1837985==    indirectly lost: 0 bytes in 0 blocks
==1837985==      possibly lost: 0 bytes in 0 blocks
==1837985==    still reachable: 472 bytes in 1 blocks
==1837985==         suppressed: 0 bytes in 0 blocks
==1837985== Rerun with --leak-check=full to see details of leaked memory
==1837985== 
==1837985== For lists of detected and suppressed errors, rerun with: -s
==1837985== ERROR SUMMARY: 0 errors from 0 contexts (suppressed: 0 from 0)
