==296133== Memcheck, a memory error detector
==296133== Copyright (C) 2002-2017, and GNU GPL'd, by Julian Seward et al.
==296133== Using Valgrind-3.15.0 and LibVEX; rerun with -h for copyright info
==296133== Command: ../dukesh -b scripts/which.txt
==296133== 
$ which cd
cd: dukesh built-in command
$ which echo
echo: dukesh built-in command
$ which pwd
pwd: dukesh built-in command
$ which which 
which: dukesh built-in command
$ which ./bin/ls
./bin/ls
$ which ./bin/head
./bin/head
$ quit

==296133== 
==296133== HEAP SUMMARY:
==296133==     in use at exit: 472 bytes in 1 blocks
==296133==   total heap usage: 6 allocs, 5 frees, 19,260 bytes allocated
==296133== 
==296133== LEAK SUMMARY:
==296133==    definitely lost: 0 bytes in 0 blocks
==296133==    indirectly lost: 0 bytes in 0 blocks
==296133==      possibly lost: 0 bytes in 0 blocks
==296133==    still reachable: 472 bytes in 1 blocks
==296133==         suppressed: 0 bytes in 0 blocks
==296133== Rerun with --leak-check=full to see details of leaked memory
==296133== 
==296133== For lists of detected and suppressed errors, rerun with: -s
==296133== ERROR SUMMARY: 0 errors from 0 contexts (suppressed: 0 from 0)
