==2452956== Memcheck, a memory error detector
==2452956== Copyright (C) 2002-2017, and GNU GPL'd, by Julian Seward et al.
==2452956== Using Valgrind-3.15.0 and LibVEX; rerun with -h for copyright info
==2452956== Command: ../dukesh -b scripts/which.txt
==2452956== 
$ which cd
cd: dukesh built-in command
$ which echo
echo: dukesh built-in command
$ which pwd
pwd: dukesh built-in command
$ which which 
which: dukesh built-in command
$ which ./bin/ls
./bin/ls
$ which ./bin/head
./bin/head
$ quit

==2452956== 
==2452956== HEAP SUMMARY:
==2452956==     in use at exit: 472 bytes in 1 blocks
==2452956==   total heap usage: 6 allocs, 5 frees, 19,260 bytes allocated
==2452956== 
==2452956== LEAK SUMMARY:
==2452956==    definitely lost: 0 bytes in 0 blocks
==2452956==    indirectly lost: 0 bytes in 0 blocks
==2452956==      possibly lost: 0 bytes in 0 blocks
==2452956==    still reachable: 472 bytes in 1 blocks
==2452956==         suppressed: 0 bytes in 0 blocks
==2452956== Rerun with --leak-check=full to see details of leaked memory
==2452956== 
==2452956== For lists of detected and suppressed errors, rerun with: -s
==2452956== ERROR SUMMARY: 0 errors from 0 contexts (suppressed: 0 from 0)
