==2132625== Memcheck, a memory error detector
==2132625== Copyright (C) 2002-2017, and GNU GPL'd, by Julian Seward et al.
==2132625== Using Valgrind-3.15.0 and LibVEX; rerun with -h for copyright info
==2132625== Command: ../dukesh -b scripts/which.txt
==2132625== 
$ which cd
cd: dukesh built-in command
$ which echo
echo: dukesh built-in command
$ which pwd
pwd: dukesh built-in command
$ which which 
which: dukesh built-in command
$ which ./bin/ls
./bin/ls
$ which ./bin/head
./bin/head
$ quit

==2132625== 
==2132625== HEAP SUMMARY:
==2132625==     in use at exit: 8,472 bytes in 2 blocks
==2132625==   total heap usage: 7 allocs, 5 frees, 27,260 bytes allocated
==2132625== 
==2132625== LEAK SUMMARY:
==2132625==    definitely lost: 0 bytes in 0 blocks
==2132625==    indirectly lost: 0 bytes in 0 blocks
==2132625==      possibly lost: 0 bytes in 0 blocks
==2132625==    still reachable: 8,472 bytes in 2 blocks
==2132625==         suppressed: 0 bytes in 0 blocks
==2132625== Rerun with --leak-check=full to see details of leaked memory
==2132625== 
==2132625== For lists of detected and suppressed errors, rerun with: -s
==2132625== ERROR SUMMARY: 0 errors from 0 contexts (suppressed: 0 from 0)
