==4064465== Memcheck, a memory error detector
==4064465== Copyright (C) 2002-2017, and GNU GPL'd, by Julian Seward et al.
==4064465== Using Valgrind-3.15.0 and LibVEX; rerun with -h for copyright info
==4064465== Command: ../dukesh -b scripts/which.txt
==4064465== 
$ which cd
cd: dukesh built-in command
$ which echo
echo: dukesh built-in command
$ which pwd
pwd: dukesh built-in command
$ which which 
which: dukesh built-in command
$ which ./bin/ls
./bin/ls
$ which ./bin/head
./bin/head
$ quit

==4064465== 
==4064465== HEAP SUMMARY:
==4064465==     in use at exit: 472 bytes in 1 blocks
==4064465==   total heap usage: 6 allocs, 5 frees, 19,260 bytes allocated
==4064465== 
==4064465== LEAK SUMMARY:
==4064465==    definitely lost: 0 bytes in 0 blocks
==4064465==    indirectly lost: 0 bytes in 0 blocks
==4064465==      possibly lost: 0 bytes in 0 blocks
==4064465==    still reachable: 472 bytes in 1 blocks
==4064465==         suppressed: 0 bytes in 0 blocks
==4064465== Rerun with --leak-check=full to see details of leaked memory
==4064465== 
==4064465== For lists of detected and suppressed errors, rerun with: -s
==4064465== ERROR SUMMARY: 0 errors from 0 contexts (suppressed: 0 from 0)
