==3801669== Memcheck, a memory error detector
==3801669== Copyright (C) 2002-2017, and GNU GPL'd, by Julian Seward et al.
==3801669== Using Valgrind-3.15.0 and LibVEX; rerun with -h for copyright info
==3801669== Command: ../dukesh -b scripts/which.txt
==3801669== 
$ which cd
cd: dukesh built-in command
$ which echo
echo: dukesh built-in command
$ which pwd
pwd: dukesh built-in command
$ which which 
which: dukesh built-in command
$ which ./bin/ls
./bin/ls
$ which ./bin/head
./bin/head
$ quit

==3801669== 
==3801669== HEAP SUMMARY:
==3801669==     in use at exit: 8,472 bytes in 2 blocks
==3801669==   total heap usage: 7 allocs, 5 frees, 27,260 bytes allocated
==3801669== 
==3801669== LEAK SUMMARY:
==3801669==    definitely lost: 0 bytes in 0 blocks
==3801669==    indirectly lost: 0 bytes in 0 blocks
==3801669==      possibly lost: 0 bytes in 0 blocks
==3801669==    still reachable: 8,472 bytes in 2 blocks
==3801669==         suppressed: 0 bytes in 0 blocks
==3801669== Rerun with --leak-check=full to see details of leaked memory
==3801669== 
==3801669== For lists of detected and suppressed errors, rerun with: -s
==3801669== ERROR SUMMARY: 0 errors from 0 contexts (suppressed: 0 from 0)
