==111926== Memcheck, a memory error detector
==111926== Copyright (C) 2002-2017, and GNU GPL'd, by Julian Seward et al.
==111926== Using Valgrind-3.15.0 and LibVEX; rerun with -h for copyright info
==111926== Command: ../dukesh -b scripts/which.txt
==111926== 
$ which cd
cd: dukesh built-in command
$ which echo
echo: dukesh built-in command
$ which pwd
pwd: dukesh built-in command
$ which which 
which: dukesh built-in command
$ which ./bin/ls
./bin/ls
$ which ./bin/head
./bin/head
$ quit

==111926== 
==111926== HEAP SUMMARY:
==111926==     in use at exit: 8,472 bytes in 2 blocks
==111926==   total heap usage: 7 allocs, 5 frees, 27,260 bytes allocated
==111926== 
==111926== LEAK SUMMARY:
==111926==    definitely lost: 0 bytes in 0 blocks
==111926==    indirectly lost: 0 bytes in 0 blocks
==111926==      possibly lost: 0 bytes in 0 blocks
==111926==    still reachable: 8,472 bytes in 2 blocks
==111926==         suppressed: 0 bytes in 0 blocks
==111926== Rerun with --leak-check=full to see details of leaked memory
==111926== 
==111926== For lists of detected and suppressed errors, rerun with: -s
==111926== ERROR SUMMARY: 0 errors from 0 contexts (suppressed: 0 from 0)
