==1541979== Memcheck, a memory error detector
==1541979== Copyright (C) 2002-2017, and GNU GPL'd, by Julian Seward et al.
==1541979== Using Valgrind-3.15.0 and LibVEX; rerun with -h for copyright info
==1541979== Command: ../dukesh -b scripts/which.txt
==1541979== 
$ which cd
cd: dukesh built-in command
$ which echo
echo: dukesh built-in command
$ which pwd
pwd: dukesh built-in command
$ which which 
which: dukesh built-in command
$ which ./bin/ls
./bin/ls
$ which ./bin/head
./bin/head
$ quit

==1541979== 
==1541979== HEAP SUMMARY:
==1541979==     in use at exit: 472 bytes in 1 blocks
==1541979==   total heap usage: 6 allocs, 5 frees, 19,260 bytes allocated
==1541979== 
==1541979== LEAK SUMMARY:
==1541979==    definitely lost: 0 bytes in 0 blocks
==1541979==    indirectly lost: 0 bytes in 0 blocks
==1541979==      possibly lost: 0 bytes in 0 blocks
==1541979==    still reachable: 472 bytes in 1 blocks
==1541979==         suppressed: 0 bytes in 0 blocks
==1541979== Rerun with --leak-check=full to see details of leaked memory
==1541979== 
==1541979== For lists of detected and suppressed errors, rerun with: -s
==1541979== ERROR SUMMARY: 0 errors from 0 contexts (suppressed: 0 from 0)
