==3457393== Memcheck, a memory error detector
==3457393== Copyright (C) 2002-2017, and GNU GPL'd, by Julian Seward et al.
==3457393== Using Valgrind-3.15.0 and LibVEX; rerun with -h for copyright info
==3457393== Command: ../dukesh -b scripts/which.txt
==3457393== 
$ which cd
cd: dukesh built-in command
$ which echo
echo: dukesh built-in command
$ which pwd
pwd: dukesh built-in command
$ which which 
which: dukesh built-in command
$ which ./bin/ls
./bin/ls
$ which ./bin/head
./bin/head
$ quit

==3457393== 
==3457393== HEAP SUMMARY:
==3457393==     in use at exit: 8,472 bytes in 2 blocks
==3457393==   total heap usage: 7 allocs, 5 frees, 27,260 bytes allocated
==3457393== 
==3457393== LEAK SUMMARY:
==3457393==    definitely lost: 0 bytes in 0 blocks
==3457393==    indirectly lost: 0 bytes in 0 blocks
==3457393==      possibly lost: 0 bytes in 0 blocks
==3457393==    still reachable: 8,472 bytes in 2 blocks
==3457393==         suppressed: 0 bytes in 0 blocks
==3457393== Rerun with --leak-check=full to see details of leaked memory
==3457393== 
==3457393== For lists of detected and suppressed errors, rerun with: -s
==3457393== ERROR SUMMARY: 0 errors from 0 contexts (suppressed: 0 from 0)
