==727374== Memcheck, a memory error detector
==727374== Copyright (C) 2002-2017, and GNU GPL'd, by Julian Seward et al.
==727374== Using Valgrind-3.15.0 and LibVEX; rerun with -h for copyright info
==727374== Command: ../dukesh -b scripts/which.txt
==727374== 
$ which cd
cd: dukesh built-in command
$ which echo
echo: dukesh built-in command
$ which pwd
pwd: dukesh built-in command
$ which which 
which: dukesh built-in command
$ which ./bin/ls
./bin/ls
$ which ./bin/head
./bin/head
$ quit

==727374== 
==727374== HEAP SUMMARY:
==727374==     in use at exit: 8,472 bytes in 2 blocks
==727374==   total heap usage: 7 allocs, 5 frees, 27,260 bytes allocated
==727374== 
==727374== LEAK SUMMARY:
==727374==    definitely lost: 0 bytes in 0 blocks
==727374==    indirectly lost: 0 bytes in 0 blocks
==727374==      possibly lost: 0 bytes in 0 blocks
==727374==    still reachable: 8,472 bytes in 2 blocks
==727374==         suppressed: 0 bytes in 0 blocks
==727374== Rerun with --leak-check=full to see details of leaked memory
==727374== 
==727374== For lists of detected and suppressed errors, rerun with: -s
==727374== ERROR SUMMARY: 0 errors from 0 contexts (suppressed: 0 from 0)
