==562183== Memcheck, a memory error detector
==562183== Copyright (C) 2002-2017, and GNU GPL'd, by Julian Seward et al.
==562183== Using Valgrind-3.15.0 and LibVEX; rerun with -h for copyright info
==562183== Command: ../dukesh -b scripts/which.txt
==562183== 
$ which cd
cd: dukesh built-in command
$ which echo
echo: dukesh built-in command
$ which pwd
pwd: dukesh built-in command
$ which which 
which : dukesh built-in command
$ which ./bin/ls
./bin/ls
$ which ./bin/head
./bin/head
$ quit

==562183== 
==562183== HEAP SUMMARY:
==562183==     in use at exit: 472 bytes in 1 blocks
==562183==   total heap usage: 6 allocs, 5 frees, 19,260 bytes allocated
==562183== 
==562183== LEAK SUMMARY:
==562183==    definitely lost: 0 bytes in 0 blocks
==562183==    indirectly lost: 0 bytes in 0 blocks
==562183==      possibly lost: 0 bytes in 0 blocks
==562183==    still reachable: 472 bytes in 1 blocks
==562183==         suppressed: 0 bytes in 0 blocks
==562183== Rerun with --leak-check=full to see details of leaked memory
==562183== 
==562183== For lists of detected and suppressed errors, rerun with: -s
==562183== ERROR SUMMARY: 0 errors from 0 contexts (suppressed: 0 from 0)
