==1150750== Memcheck, a memory error detector
==1150750== Copyright (C) 2002-2017, and GNU GPL'd, by Julian Seward et al.
==1150750== Using Valgrind-3.15.0 and LibVEX; rerun with -h for copyright info
==1150750== Command: ../dukesh -b scripts/which.txt
==1150750== 
$ which cd
cd: dukesh built-in command
$ which echo
echo: dukesh built-in command
$ which pwd
pwd: dukesh built-in command
$ which which 
which: dukesh built-in command
$ which ./bin/ls
./bin/ls
$ which ./bin/head
./bin/head
$ quit

==1150750== 
==1150750== HEAP SUMMARY:
==1150750==     in use at exit: 8,472 bytes in 2 blocks
==1150750==   total heap usage: 7 allocs, 5 frees, 27,260 bytes allocated
==1150750== 
==1150750== LEAK SUMMARY:
==1150750==    definitely lost: 0 bytes in 0 blocks
==1150750==    indirectly lost: 0 bytes in 0 blocks
==1150750==      possibly lost: 0 bytes in 0 blocks
==1150750==    still reachable: 8,472 bytes in 2 blocks
==1150750==         suppressed: 0 bytes in 0 blocks
==1150750== Rerun with --leak-check=full to see details of leaked memory
==1150750== 
==1150750== For lists of detected and suppressed errors, rerun with: -s
==1150750== ERROR SUMMARY: 0 errors from 0 contexts (suppressed: 0 from 0)
