==580740== Memcheck, a memory error detector
==580740== Copyright (C) 2002-2017, and GNU GPL'd, by Julian Seward et al.
==580740== Using Valgrind-3.15.0 and LibVEX; rerun with -h for copyright info
==580740== Command: ../dukesh -b scripts/which.txt
==580740== 
$ which cd
cd: dukesh built-in command
$ which echo
echo: dukesh built-in command
$ which pwd
pwd: dukesh built-in command
$ which which 
which: dukesh built-in command
$ which ./bin/ls
./bin/ls
$ which ./bin/head
./bin/head
$ quit

==580740== 
==580740== HEAP SUMMARY:
==580740==     in use at exit: 472 bytes in 1 blocks
==580740==   total heap usage: 6 allocs, 5 frees, 19,260 bytes allocated
==580740== 
==580740== LEAK SUMMARY:
==580740==    definitely lost: 0 bytes in 0 blocks
==580740==    indirectly lost: 0 bytes in 0 blocks
==580740==      possibly lost: 0 bytes in 0 blocks
==580740==    still reachable: 472 bytes in 1 blocks
==580740==         suppressed: 0 bytes in 0 blocks
==580740== Rerun with --leak-check=full to see details of leaked memory
==580740== 
==580740== For lists of detected and suppressed errors, rerun with: -s
==580740== ERROR SUMMARY: 0 errors from 0 contexts (suppressed: 0 from 0)
